Microchip MPLAB XC8 Compiler V1.45 ()

Linker command line:

-W-3 --edf=C:\Program Files (x86)\Microchip\xc8\v1.45\dat\en_msgs.txt -cs \
  -h+dist/default/production\TREX_PIC16_3.0.X.production.sym \
  --cmf=dist/default/production\TREX_PIC16_3.0.X.production.cmf -z \
  -Q16F15386 -oC:\Users\us1dwyman\AppData\Local\Temp\s4h8.2 \
  -Mdist/default/production/TREX_PIC16_3.0.X.production.map -E1 -ver=XC8 \
  -ASTACK=02173h-0264bh -pstack=STACK -ACODE=00h-07FFhx8 \
  -ASTRCODE=00h-03FFFh -ASTRING=00h-0FFhx64 -ACONST=00h-0FFhx64 \
  -AENTRY=00h-0FFhx64 -ACOMMON=070h-07Fh -ABANK0=020h-06Fh \
  -ABANK1=0A0h-0EFh -ABANK2=0120h-016Fh -ABANK3=01A0h-01EFh \
  -ABANK4=0220h-026Fh -ABANK5=02A0h-02EFh -ABANK6=0320h-036Fh \
  -ABANK7=03A0h-03EFh -ABANK8=0420h-046Fh -ABANK9=04A0h-04EFh \
  -ABANK10=0520h-056Fh -ABANK11=05A0h-05EFh -ABANK12=0620h-066Fh \
  -ABANK13=06A0h-06EFh -ABANK14=0720h-076Fh -ABANK15=07A0h-07EFh \
  -ABANK16=0820h-086Fh -ABANK17=08A0h-08EFh -ABANK18=0920h-096Fh \
  -ABANK19=09A0h-09EFh -ABANK20=0A20h-0A6Fh -ABANK21=0AA0h-0AEFh \
  -ABANK22=0B20h-0B6Fh -ABANK23=0BA0h-0BEFh -ABANK24=0C20h-0C6Fh \
  -ABANK25=0CA0h-0CBFh -ABIGRAM=02000h-027EFh \
  -ARAM=020h-06Fh,0A0h-0EFh,0120h-016Fh,01A0h-01EFh,0220h-026Fh,02A0h-02EFh,0320h-036Fh,03A0h-03EFh,0420h-046Fh,04A0h-04EFh,0520h-056Fh,05A0h-05EFh,0620h-066Fh,06A0h-06EFh,0720h-076Fh,07A0h-07EFh,0820h-086Fh,08A0h-08EFh,0920h-096Fh,09A0h-09EFh,0A20h-0A6Fh,0AA0h-0AEFh,0B20h-0B6Fh,0BA0h-0BEFh,0C20h-0C6Fh,0CA0h-0CBFh \
  -AABS1=020h-07Fh,0A0h-0EFh,0120h-016Fh,01A0h-01EFh,0220h-026Fh,02A0h-02EFh,0320h-036Fh,03A0h-03EFh,0420h-046Fh,04A0h-04EFh,0520h-056Fh,05A0h-05EFh,0620h-066Fh,06A0h-06EFh,0720h-076Fh,07A0h-07EFh,0820h-086Fh,08A0h-08EFh,0920h-096Fh,09A0h-09EFh,0A20h-0A6Fh,0AA0h-0AEFh,0B20h-0B6Fh,0BA0h-0BEFh,0C20h-0C6Fh,0CA0h-0CBFh \
  -ASFR0=00h-01Fh -ASFR1=080h-09Fh -ASFR2=0100h-011Fh -ASFR3=0180h-019Fh \
  -ASFR4=0200h-021Fh -ASFR5=0280h-029Fh -ASFR6=0300h-031Fh \
  -ASFR7=0380h-039Fh -ASFR8=0400h-041Fh -ASFR9=0480h-049Fh \
  -ASFR10=0500h-051Fh -ASFR11=0580h-059Fh -ASFR12=0600h-061Fh \
  -ASFR13=0680h-069Fh -ASFR14=0700h-071Fh -ASFR15=0780h-079Fh \
  -ASFR16=0800h-081Fh -ASFR17=0880h-089Fh -ASFR18=0900h-091Fh \
  -ASFR19=0980h-099Fh -ASFR20=0A00h-0A1Fh -ASFR21=0A80h-0A9Fh \
  -ASFR22=0B00h-0B1Fh -ASFR23=0B80h-0B9Fh -ASFR24=0C00h-0C1Fh \
  -ASFR25=0C80h-0C9Fh -ASFR26=0D00h-0D6Fh -ASFR27=0D80h-0DEFh \
  -ASFR28=0E00h-0E6Fh -ASFR29=0E80h-0EEFh -ASFR30=0F00h-0F6Fh \
  -ASFR31=0F80h-0FEFh -ASFR32=01000h-0106Fh -ASFR33=01080h-010EFh \
  -ASFR34=01100h-0116Fh -ASFR35=01180h-011EFh -ASFR36=01200h-0126Fh \
  -ASFR37=01280h-012EFh -ASFR38=01300h-0136Fh -ASFR39=01380h-013EFh \
  -ASFR40=01400h-0146Fh -ASFR41=01480h-014EFh -ASFR42=01500h-0156Fh \
  -ASFR43=01580h-015EFh -ASFR44=01600h-0166Fh -ASFR45=01680h-016EFh \
  -ASFR46=01700h-0176Fh -ASFR47=01780h-017EFh -ASFR48=01800h-0186Fh \
  -ASFR49=01880h-018EFh -ASFR50=01900h-0196Fh -ASFR51=01980h-019EFh \
  -ASFR52=01A00h-01A6Fh -ASFR53=01A80h-01AEFh -ASFR54=01B00h-01B6Fh \
  -ASFR55=01B80h-01BEFh -ASFR56=01C00h-01C6Fh -ASFR57=01C80h-01CEFh \
  -ASFR58=01D00h-01D6Fh -ASFR59=01D80h-01DEFh -ASFR60=01E00h-01E6Fh \
  -ASFR61=01E80h-01EEFh -ASFR62=01F00h-01F6Fh -ASFR63=01F80h-01FEFh \
  -preset_vec=00h,intentry=04h,init,end_init -ppowerup=CODE -pcinit=CODE \
  -pfunctab=ENTRY -ACONFIG=08007h-0800Bh -pconfig=CONFIG -DCONFIG=2 \
  -AIDLOC=08000h-08003h -pidloc=IDLOC -DIDLOC=2 -DCODE=2 -DSTRCODE=2 \
  -DSTRING=2 -DCONST=2 -DENTRY=2 -k \
  C:\Users\us1dwyman\AppData\Local\Temp\s4h8.obj \
  dist/default/production\TREX_PIC16_3.0.X.production.obj 

Object code version is 3.11

Machine type is 16F15386



                Name                               Link     Load   Length Selector   Space Scale
C:\Users\us1dwyman\AppData\Local\Temp\s4h8.obj
                end_init                             66       66        2        8       0
                reset_vec                             0        0        2        0       0
                config                             8007     8007        5    1000E       0
dist/default/production\TREX_PIC16_3.0.X.production.obj
                cinit                                68       68       6E        8       0
                intentry                              4        4       62        8       0
                text58                             1335     1335       34     266A       0
                text57                             1302     1302       33     2604       0
                text56                             12D2     12D2       30     25A4       0
                text55                             10B0     10B0       15     2160       0
                text54                             103C     103C        7     2078       0
                text53                             1106     1106       18     220C       0
                text52                             111E     111E       18     223C       0
                text51                             10C5     10C5       15     218A       0
                text50                             109D     109D       13     213A       0
                text49                             1136     1136       18     226C       0
                text48                             1166     1166       1A     22CC       0
                text47                             11CE     11CE       1B     239C       0
                text46                              D22      D22      16D     1A44       0
                text44                             12B1     12B1       21     2562       0
                text43                             1043     1043        7     2086       0
                text42                             104A     104A        8     2094       0
                text41                             114E     114E       18     229C       0
                text40                             1180     1180       1A     2300       0
                text39                             119A     119A       1A     2334       0
                text38                             179E     179E       62     2F3C       0
                text37                             10EF     10EF       17     21DE       0
                text36                             10DA     10DA       15     21B4       0
                text35                             11B4     11B4       1A     2368       0
                text34                             11E9     11E9       1C     23D2       0
                text33                              98B      98B      102     1316       0
                text32                              801      801       2C     1002       0
                text31                             14F6     14F6       4B     29EC       0
                text30                             14B2     14B2       44     2964       0
                text29                             1032     1032        4     2064       0
                text28                              E8F      E8F      171     1D1E       0
                text27                              82D      82D       63     105A       0
                text26                             1690     1690       5A     2D20       0
                text25                              890      890       FB     1120       0
                text24                             1205     1205       1C     240A       0
                text23                             15E4     15E4       56     2BC8       0
                text22                               D6       D6      328        8       0
                text21                             1259     1259       1D     24B2       0
                text20                             1541     1541       4F     2A82       0
                text19                             1276     1276       1D     24EC       0
                text18                             16EA     16EA       5A     2DD4       0
                text17                             1036     1036        6     206C       0
                text16                             105E     105E        F     20BC       0
                text15                             13E9     13E9       43     27D2       0
                text14                             1293     1293       1E     2526       0
                text13                             107C     107C       10     20F8       0
                text12                             13A7     13A7       42     274E       0
                text11                             163A     163A       56     2C74       0
                text10                              A8D      A8D      131     151A       0
                text9                              1221     1221       1C     2442       0
                text8                              1590     1590       54     2B20       0
                text7                              142C     142C       43     2858       0
                text6                               785      785       6D      BFC       0
                text5                               5FE      5FE      187      BFC       0
                text4                              1744     1744       5A     2E88       0
                text3                              146F     146F       43     28DE       0
                text2                               BBE      BBE      164     177C       0
                text1                              108C     108C       11     2118       0
                maintext                           1369     1369       3E     26D2       0
                cstackBANK0                          20       20       2E       20       1
                cstackCOMMON                         70       70        E       70       1
                cstackBANK1                          E9       E9        4       A0       1
                cstackBANK3                         1E6      1E6        A      1A0       1
                cstackBANK4                         23B      23B       18      220       1
                clrtext                            1052     1052        C     20A4       0
                inittext                            7F2      7F2        C      BFC       0
                bssBANK4                            220      220       1B      220       1
                dataBANK3                           1CA      1CA       1C      1A0       1
                bssBANK3                            1A0      1A0       2A      1A0       1
                dataBANK2                           15F      15F        F      120       1
                bssBANK2                            120      120       3F      120       1
                dataBANK1                            ED       ED        3       A0       1
                bssBANK1                             A0       A0       49       A0       1
                bssBANK0                             4E       4E       11       20       1
                stringtext2                        1800     1800       20     3000       0
                stringtext1                         3FE      3FE      200      7FC       0
                idataBANK3                         123D     123D       1C     247A       0
                idataBANK2                         106D     106D        F     20DA       0
                idataBANK1                         102F     102F        3     205E       0

TOTAL           Name                               Link     Load   Length     Space
        CLASS   STACK          

        CLASS   CODE           
                end_init                             66       66        2         0
                cinit                                68       68       6E         0
                intentry                              4        4       62         0
                reset_vec                             0        0        2         0
                text58                             1335     1335       34         0
                text57                             1302     1302       33         0
                text56                             12D2     12D2       30         0
                text55                             10B0     10B0       15         0
                text54                             103C     103C        7         0
                text53                             1106     1106       18         0
                text52                             111E     111E       18         0
                text51                             10C5     10C5       15         0
                text50                             109D     109D       13         0
                text49                             1136     1136       18         0
                text48                             1166     1166       1A         0
                text47                             11CE     11CE       1B         0
                text46                              D22      D22      16D         0
                text44                             12B1     12B1       21         0
                text43                             1043     1043        7         0
                text42                             104A     104A        8         0
                text41                             114E     114E       18         0
                text40                             1180     1180       1A         0
                text39                             119A     119A       1A         0
                text38                             179E     179E       62         0
                text37                             10EF     10EF       17         0
                text36                             10DA     10DA       15         0
                text35                             11B4     11B4       1A         0
                text34                             11E9     11E9       1C         0
                text33                              98B      98B      102         0
                text32                              801      801       2C         0
                text31                             14F6     14F6       4B         0
                text30                             14B2     14B2       44         0
                text29                             1032     1032        4         0
                text28                              E8F      E8F      171         0
                text27                              82D      82D       63         0
                text26                             1690     1690       5A         0
                text25                              890      890       FB         0
                text24                             1205     1205       1C         0
                text23                             15E4     15E4       56         0
                text22                               D6       D6      328         0
                text21                             1259     1259       1D         0
                text20                             1541     1541       4F         0
                text19                             1276     1276       1D         0
                text18                             16EA     16EA       5A         0
                text17                             1036     1036        6         0
                text16                             105E     105E        F         0
                text15                             13E9     13E9       43         0
                text14                             1293     1293       1E         0
                text13                             107C     107C       10         0
                text12                             13A7     13A7       42         0
                text11                             163A     163A       56         0
                text10                              A8D      A8D      131         0
                text9                              1221     1221       1C         0
                text8                              1590     1590       54         0
                text7                              142C     142C       43         0
                text6                               785      785       6D         0
                text5                               5FE      5FE      187         0
                text4                              1744     1744       5A         0
                text3                              146F     146F       43         0
                text2                               BBE      BBE      164         0
                text1                              108C     108C       11         0
                maintext                           1369     1369       3E         0
                clrtext                            1052     1052        C         0
                inittext                            7F2      7F2        C         0
                idataBANK3                         123D     123D       1C         0
                idataBANK2                         106D     106D        F         0
                idataBANK1                         102F     102F        3         0

        CLASS   STRCODE        
                stringtext2                        1800     1800       20         0
                stringtext1                         3FE      3FE      200         0

        CLASS   STRING         

        CLASS   CONST          

        CLASS   ENTRY          

        CLASS   COMMON         
                cstackCOMMON                         70       70        E         1

        CLASS   BANK0          
                cstackBANK0                          20       20       2E         1
                bssBANK0                             4E       4E       11         1

        CLASS   BANK1          
                cstackBANK1                          E9       E9        4         1
                dataBANK1                            ED       ED        3         1
                bssBANK1                             A0       A0       49         1

        CLASS   BANK2          
                dataBANK2                           15F      15F        F         1
                bssBANK2                            120      120       3F         1

        CLASS   BANK3          
                cstackBANK3                         1E6      1E6        A         1
                dataBANK3                           1CA      1CA       1C         1
                bssBANK3                            1A0      1A0       2A         1

        CLASS   BANK4          
                cstackBANK4                         23B      23B       18         1
                bssBANK4                            220      220       1B         1

        CLASS   BANK5          

        CLASS   BANK6          

        CLASS   BANK7          

        CLASS   BANK8          

        CLASS   BANK9          

        CLASS   BANK10         

        CLASS   BANK11         

        CLASS   BANK12         

        CLASS   BANK13         

        CLASS   BANK14         

        CLASS   BANK15         

        CLASS   BANK16         

        CLASS   BANK17         

        CLASS   BANK18         

        CLASS   BANK19         

        CLASS   BANK20         

        CLASS   BANK21         

        CLASS   BANK22         

        CLASS   BANK23         

        CLASS   BANK24         

        CLASS   BANK25         

        CLASS   BIGRAM         

        CLASS   RAM            

        CLASS   ABS1           
                abs_s1                               7E       7E        2         1
                abs_s1                              A2C      A2C       44         1
                abs_s1                              AA0      AA0       50         1
                abs_s1                              B20      B20       50         1
                abs_s1                              BA0      BA0       50         1
                abs_s1                              C20      C20       50         1
                abs_s1                              CA0      CA0       20         1
                abs_s1                             264C     264C        0         1
                abs_s1                             271E     271E        0         1

        CLASS   SFR0           

        CLASS   SFR1           

        CLASS   SFR2           

        CLASS   SFR3           

        CLASS   SFR4           

        CLASS   SFR5           

        CLASS   SFR6           

        CLASS   SFR7           

        CLASS   SFR8           

        CLASS   SFR9           

        CLASS   SFR10          

        CLASS   SFR11          

        CLASS   SFR12          

        CLASS   SFR13          

        CLASS   SFR14          

        CLASS   SFR15          

        CLASS   SFR16          

        CLASS   SFR17          

        CLASS   SFR18          

        CLASS   SFR19          

        CLASS   SFR20          

        CLASS   SFR21          

        CLASS   SFR22          

        CLASS   SFR23          

        CLASS   SFR24          

        CLASS   SFR25          

        CLASS   SFR26          

        CLASS   SFR27          

        CLASS   SFR28          

        CLASS   SFR29          

        CLASS   SFR30          

        CLASS   SFR31          

        CLASS   SFR32          

        CLASS   SFR33          

        CLASS   SFR34          

        CLASS   SFR35          

        CLASS   SFR36          

        CLASS   SFR37          

        CLASS   SFR38          

        CLASS   SFR39          

        CLASS   SFR40          

        CLASS   SFR41          

        CLASS   SFR42          

        CLASS   SFR43          

        CLASS   SFR44          

        CLASS   SFR45          

        CLASS   SFR46          

        CLASS   SFR47          

        CLASS   SFR48          

        CLASS   SFR49          

        CLASS   SFR50          

        CLASS   SFR51          

        CLASS   SFR52          

        CLASS   SFR53          

        CLASS   SFR54          

        CLASS   SFR55          

        CLASS   SFR56          

        CLASS   SFR57          

        CLASS   SFR58          

        CLASS   SFR59          

        CLASS   SFR60          

        CLASS   SFR61          

        CLASS   SFR62          

        CLASS   SFR63          

        CLASS   CONFIG         
                config                             8007     8007        5         0

        CLASS   IDLOC          

        CLASS   BANK63         

        CLASS   BANK62         

        CLASS   BANK61         

        CLASS   BANK60         

        CLASS   BANK59         

        CLASS   BANK58         

        CLASS   BANK57         

        CLASS   BANK56         

        CLASS   BANK55         

        CLASS   BANK54         

        CLASS   BANK53         

        CLASS   BANK52         

        CLASS   BANK51         

        CLASS   BANK50         

        CLASS   BANK49         

        CLASS   BANK48         

        CLASS   BANK47         

        CLASS   BANK46         

        CLASS   BANK45         

        CLASS   BANK44         

        CLASS   BANK43         

        CLASS   BANK42         

        CLASS   BANK41         

        CLASS   BANK40         

        CLASS   BANK39         

        CLASS   BANK38         

        CLASS   BANK37         

        CLASS   BANK36         

        CLASS   BANK35         

        CLASS   BANK34         

        CLASS   BANK33         

        CLASS   BANK32         

        CLASS   BANK31         

        CLASS   BANK30         

        CLASS   BANK29         

        CLASS   BANK28         

        CLASS   BANK27         

        CLASS   BANK26         

        CLASS   EEDATA         



SEGMENTS        Name                           Load    Length   Top    Selector   Space  Class     Delta

                reset_vec                      000000  000002  000002         0       0  CODE        2
                intentry                       000004  0003FA  0003FE         8       0  CODE        2
                cstackBANK0                    000020  00003F  00005F        20       1  BANK0       1
                cstackCOMMON                   000070  00000E  00007E        70       1  COMMON      1
                bssBANK1                       0000A0  000050  0000F0        A0       1  BANK1       1
                bssBANK2                       000120  00004E  00016E       120       1  BANK2       1
                bssBANK3                       0001A0  000050  0001F0       1A0       1  BANK3       1
                bssBANK4                       000220  000033  000253       220       1  BANK4       1
                stringtext1                    0003FE  000200  0005FE       7FC       0  STRCODE     2
                text5                          0005FE  000200  0007FE       BFC       0  CODE        2
                text32                         000801  00002C  00082D      1002       0  CODE        2
                text27                         00082D  000063  000890      105A       0  CODE        2
                text25                         000890  0000FB  00098B      1120       0  CODE        2
                text33                         00098B  000102  000A8D      1316       0  CODE        2
                text10                         000A8D  000131  000BBE      151A       0  CODE        2
                text2                          000BBE  000164  000D22      177C       0  CODE        2
                text46                         000D22  00016D  000E8F      1A44       0  CODE        2
                text28                         000E8F  000171  001000      1D1E       0  CODE        2
                idataBANK1                     00102F  000003  001032      205E       0  CODE        2
                text29                         001032  000004  001036      2064       0  CODE        2
                text17                         001036  000006  00103C      206C       0  CODE        2
                text54                         00103C  000007  001043      2078       0  CODE        2
                text43                         001043  000007  00104A      2086       0  CODE        2
                text42                         00104A  000008  001052      2094       0  CODE        2
                clrtext                        001052  00000C  00105E      20A4       0  CODE        2
                text16                         00105E  00000F  00106D      20BC       0  CODE        2
                idataBANK2                     00106D  00000F  00107C      20DA       0  CODE        2
                text13                         00107C  000010  00108C      20F8       0  CODE        2
                text1                          00108C  000011  00109D      2118       0  CODE        2
                text50                         00109D  000013  0010B0      213A       0  CODE        2
                text55                         0010B0  000015  0010C5      2160       0  CODE        2
                text51                         0010C5  000015  0010DA      218A       0  CODE        2
                text36                         0010DA  000015  0010EF      21B4       0  CODE        2
                text37                         0010EF  000017  001106      21DE       0  CODE        2
                text53                         001106  000018  00111E      220C       0  CODE        2
                text52                         00111E  000018  001136      223C       0  CODE        2
                text49                         001136  000018  00114E      226C       0  CODE        2
                text41                         00114E  000018  001166      229C       0  CODE        2
                text48                         001166  00001A  001180      22CC       0  CODE        2
                text40                         001180  00001A  00119A      2300       0  CODE        2
                text39                         00119A  00001A  0011B4      2334       0  CODE        2
                text35                         0011B4  00001A  0011CE      2368       0  CODE        2
                text47                         0011CE  00001B  0011E9      239C       0  CODE        2
                text34                         0011E9  00001C  001205      23D2       0  CODE        2
                text24                         001205  00001C  001221      240A       0  CODE        2
                text9                          001221  00001C  00123D      2442       0  CODE        2
                idataBANK3                     00123D  00001C  001259      247A       0  CODE        2
                text21                         001259  00001D  001276      24B2       0  CODE        2
                text19                         001276  00001D  001293      24EC       0  CODE        2
                text14                         001293  00001E  0012B1      2526       0  CODE        2
                text44                         0012B1  000021  0012D2      2562       0  CODE        2
                text56                         0012D2  000030  001302      25A4       0  CODE        2
                text57                         001302  000033  001335      2604       0  CODE        2
                text58                         001335  000034  001369      266A       0  CODE        2
                maintext                       001369  00003E  0013A7      26D2       0  CODE        2
                text12                         0013A7  000042  0013E9      274E       0  CODE        2
                text15                         0013E9  000043  00142C      27D2       0  CODE        2
                text7                          00142C  000043  00146F      2858       0  CODE        2
                text3                          00146F  000043  0014B2      28DE       0  CODE        2
                text30                         0014B2  000044  0014F6      2964       0  CODE        2
                text31                         0014F6  00004B  001541      29EC       0  CODE        2
                text20                         001541  00004F  001590      2A82       0  CODE        2
                text8                          001590  000054  0015E4      2B20       0  CODE        2
                text23                         0015E4  000056  00163A      2BC8       0  CODE        2
                text11                         00163A  000056  001690      2C74       0  CODE        2
                text26                         001690  00005A  0016EA      2D20       0  CODE        2
                text18                         0016EA  00005A  001744      2DD4       0  CODE        2
                text4                          001744  00005A  00179E      2E88       0  CODE        2
                text38                         00179E  000062  001800      2F3C       0  CODE        2
                stringtext2                    001800  000020  001820      3000       0  STRCODE     2
                config                         008007  000005  00800C     1000E       0  CONFIG      2


UNUSED ADDRESS RANGES

        Name                Unused          Largest block    Delta
        BANK0            0005F-0006F              11           1
        BANK10           00520-0056F              50           1
        BANK11           005A0-005EF              50           1
        BANK12           00620-0066F              50           1
        BANK13           006A0-006EF              50           1
        BANK14           00720-0076F              50           1
        BANK15           007A0-007EF              50           1
        BANK16           00820-0086F              50           1
        BANK17           008A0-008EF              50           1
        BANK18           00920-0096F              50           1
        BANK19           009A0-009EF              50           1
        BANK2            0016E-0016F               2           1
        BANK20           00A20-00A2B               C           1
        BANK4            00253-0026F              1D           1
        BANK5            002A0-002EF              50           1
        BANK6            00320-0036F              50           1
        BANK7            003A0-003EF              50           1
        BANK8            00420-0046F              50           1
        BANK9            004A0-004EF              50           1
        BIGRAM           02000-027EF             7F0           1
        CODE             00002-00003               2           2
                         007FE-00800               2
                         01000-0102E              2F
                         01820-03FFF             800
        CONST            00002-00003               2           2
                         007FE-00800               2
                         01000-0102E              2F
                         01820-03FFF             100
        ENTRY            00002-00003               2           2
                         007FE-00800               2
                         01000-0102E              2F
                         01820-03FFF             100
        IDLOC            08000-08003               4           2
        RAM              0005F-0006F              11           1
                         0016E-0016F               2
                         00253-0026F              1D
                         002A0-002EF              50
                         00320-0036F              50
                         003A0-003EF              50
                         00420-0046F              50
                         004A0-004EF              50
                         00520-0056F              50
                         005A0-005EF              50
                         00620-0066F              50
                         006A0-006EF              50
                         00720-0076F              50
                         007A0-007EF              50
                         00820-0086F              50
                         008A0-008EF              50
                         00920-0096F              50
                         009A0-009EF              50
                         00A20-00A2B               C
        SFR0             00000-0001F              20           1
        SFR1             00080-0009F              20           1
        SFR10            00500-0051F              20           1
        SFR11            00580-0059F              20           1
        SFR12            00600-0061F              20           1
        SFR13            00680-0069F              20           1
        SFR14            00700-0071F              20           1
        SFR15            00780-0079F              20           1
        SFR16            00800-0081F              20           1
        SFR17            00880-0089F              20           1
        SFR18            00900-0091F              20           1
        SFR19            00980-0099F              20           1
        SFR2             00100-0011F              20           1
        SFR20            00A00-00A1F              20           1
        SFR21            00A80-00A9F              20           1
        SFR22            00B00-00B1F              20           1
        SFR23            00B80-00B9F              20           1
        SFR24            00C00-00C1F              20           1
        SFR25            00C80-00C9F              20           1
        SFR26            00D00-00D6F              70           1
        SFR27            00D80-00DEF              70           1
        SFR28            00E00-00E6F              70           1
        SFR29            00E80-00EEF              70           1
        SFR3             00180-0019F              20           1
        SFR30            00F00-00F6F              70           1
        SFR31            00F80-00FEF              70           1
        SFR32            01000-0106F              70           1
        SFR33            01080-010EF              70           1
        SFR34            01100-0116F              70           1
        SFR35            01180-011EF              70           1
        SFR36            01200-0126F              70           1
        SFR37            01280-012EF              70           1
        SFR38            01300-0136F              70           1
        SFR39            01380-013EF              70           1
        SFR4             00200-0021F              20           1
        SFR40            01400-0146F              70           1
        SFR41            01480-014EF              70           1
        SFR42            01500-0156F              70           1
        SFR43            01580-015EF              70           1
        SFR44            01600-0166F              70           1
        SFR45            01680-016EF              70           1
        SFR46            01700-0176F              70           1
        SFR47            01780-017EF              70           1
        SFR48            01800-0186F              70           1
        SFR49            01880-018EF              70           1
        SFR5             00280-0029F              20           1
        SFR50            01900-0196F              70           1
        SFR51            01980-019EF              70           1
        SFR52            01A00-01A6F              70           1
        SFR53            01A80-01AEF              70           1
        SFR54            01B00-01B6F              70           1
        SFR55            01B80-01BEF              70           1
        SFR56            01C00-01C6F              70           1
        SFR57            01C80-01CEF              70           1
        SFR58            01D00-01D6F              70           1
        SFR59            01D80-01DEF              70           1
        SFR6             00300-0031F              20           1
        SFR60            01E00-01E6F              70           1
        SFR61            01E80-01EEF              70           1
        SFR62            01F00-01F6F              70           1
        SFR63            01F80-01FEF              70           1
        SFR7             00380-0039F              20           1
        SFR8             00400-0041F              20           1
        SFR9             00480-0049F              20           1
        STACK            02173-0264B             4D9           1
        STRCODE          00002-00003               2           2
                         007FE-00800               3
                         01000-0102E              2F
                         01820-03FFF            27E0
        STRING           00002-00003               2           2
                         007FE-00800               2
                         01000-0102E              2F
                         01820-03FFF             100

                                  Symbol Table

?___wmul                                    cstackBANK0  00031
?i1___wmul                                  cstackCOMMON 00070
Button_Debounce@i                           cstackBANK0  00032
Buttons_Update@SW_row                       cstackBANK0  00036
Buttons_Update@switch_state                 cstackBANK0  00034
CAN_Initialize@bResult                      cstackBANK4  00242
CAN_Initialize@buf                          cstackBANK4  0023B
CAN_Initialize@p                            cstackBANK4  00243
CAN_Initialize@pConfig                      cstackBANK0  00047
CAN_Initialize@temp8                        cstackBANK4  00245
CAN_Initialize@wait                         cstackBANK4  00240
CAN_Rx@pBuf                                 cstackBANK0  0004B
CAN_Rx@ptr                                  cstackBANK0  00043
CAN_To_EUSART@machine_directionA            cstackBANK0  00036
CAN_To_EUSART@message                       cstackBANK0  00037
CAN_Tx@pFrame                               cstackBANK1  000E9
CAN_TxMailbox@buf                           cstackBANK4  0023E
CAN_TxMailbox@bufStatus                     cstackBANK4  0023D
CAN_TxMailbox@pFrame                        cstackBANK0  00048
CAN_TxMailbox@result                        cstackBANK4  0023B
CAN_TxMailbox@txBufCtrlAddress              cstackBANK4  0023C
CAN_TxMailbox@which                         cstackBANK0  0004A
EUSART_Master_Request@i                     cstackBANK0  00032
EUSART_Parity_Count@EUSART_byte_parity      cstackCOMMON 00071
EUSART_Parity_Count@i                       cstackCOMMON 00072
EUSART_Receive@i                            cstackBANK0  00033
EUSART_Receive@i_1681                       cstackBANK0  00035
EUSART_TO_CAN@message                       cstackBANK0  00035
MCP2515_ISR@_errFlags                       cstackBANK0  0002D
MCP2515_ISR@_intFlags                       cstackBANK0  0002E
MCP2515_ISR@_intFlags2                      cstackBANK0  0002C
MCP2515_ISR@pBuf                            cstackBANK0  00026
MCP2515_ISR@pBuf_580                        cstackBANK0  00028
MCP2515_ISR@pBuf_581                        cstackBANK0  0002A
Receive_CAN_Message@can                     cstackBANK4  0023C
Receive_CAN_Message@result                  cstackBANK4  0023B
SPI1_GetBuffer@count                        cstackBANK0  00033
SPI1_GetBuffer@pBuf                         cstackBANK0  00031
SPI1_Put@c                                  cstackBANK0  00031
SPI1_PutBuffer@count                        cstackBANK0  00033
SPI1_PutBuffer@pBuf                         cstackBANK0  00031
Update_LEDs@row                             cstackBANK0  00031
_ANSELA                                     (abs)        01F38
_ANSELB                                     (abs)        01F43
_ANSELC                                     (abs)        01F4E
_ANSELD                                     (abs)        01F59
_ANSELE                                     (abs)        01F64
_ANSELF                                     (abs)        01E50
_BAUD1CON                                   (abs)        0011F
_Button_Debounce                            text30       014B2
_Buttons_Initialize                         text44       012B1
_Buttons_Update                             text28       00E8F
_CAN_ID_switch                              bssBANK1     000D8
_CAN_Initialize                             text33       0098B
_CAN_Rx                                     text23       015E4
_CAN_Sleep                                  text17       01036
_CAN_To_EUSART                              text22       000D6
_CAN_Tx                                     text6        00785
_CAN_TxMailbox                              text8        01590
_CAN_Wakeup                                 text14       01293
_CAN_rxMessageQ                             (abs)        0264C
_CAN_txMessageQ                             (abs)        0271E
_CPUDOZEbits                                (abs)        0088C
_EUSART_Initialize                          text15       013E9
_EUSART_Master_Request                      text3        0146F
_EUSART_Parity_Count                        text58       01335
_EUSART_Receive                             text2        00BBE
_EUSART_Receive_ISR                         text57       01302
_EUSART_Rx_buffer                           bssBANK3     001A0
_EUSART_Rx_checksum                         bssBANK1     000DC
_EUSART_Rx_checksum_error                   bssBANK1     000DB
_EUSART_Rx_count                            bssBANK1     000E3
_EUSART_Rx_head                             bssBANK0     0005C
_EUSART_Rx_parity_error                     bssBANK1     000DF
_EUSART_Rx_tail                             bssBANK1     000E4
_EUSART_TO_CAN                              text5        005FE
_EUSART_Transmit_ISR                        text56       012D2
_EUSART_Tx_buffer                           bssBANK4     00220
_EUSART_Tx_buffer_remaining                 bssBANK1     000E5
_EUSART_Tx_checksum                         bssBANK1     000DD
_EUSART_Tx_head                             bssBANK1     000E6
_EUSART_Tx_tail                             bssBANK0     0005D
_EUSART_packet_data                         bssBANK1     000A0
_EUSART_parity_count                        bssBANK1     000E1
_EUSART_receive_flag                        bssBANK1     000D9
_EUSART_send_data_flag                      bssBANK1     000DA
_EUSART_slave_bad_response                  bssBANK1     000CD
_Get_Settings_Lock_Status                   text29       01032
_INTCONbits                                 (abs)        0000B
_IOCCF                                      (abs)        01F55
_IOCCFbits                                  (abs)        01F55
_IOCCN                                      (abs)        01F54
_IOCIE                                      (abs)        038B4
_IOCIF                                      (abs)        03864
_LATA                                       (abs)        00018
_LATAbits                                   (abs)        00018
_LATB                                       (abs)        00019
_LATBbits                                   (abs)        00019
_LATC                                       (abs)        0001A
_LATD                                       (abs)        0001B
_LATE                                       (abs)        0001C
_LATF                                       (abs)        0001D
_LED_COL                                    bssBANK2     00151
_LED_Initialize                             text32       00801
_LED_column_array                           bssBANK0     0004E
_LED_row_array                              bssBANK2     00120
_MCP2515_ISR                                text46       00D22
_MCP2515_diag                               bssBANK2     00145
_PIE0bits                                   (abs)        00716
_PIE3bits                                   (abs)        00719
_PIR0bits                                   (abs)        0070C
_PMD2                                       (abs)        00798
_PMD3                                       (abs)        00799
_PMD4                                       (abs)        0079A
_PMD5                                       (abs)        0079B
_PORTCbits                                  (abs)        0000E
_PR2                                        (abs)        0028D
_RB1PPS                                     (abs)        01F19
_RB3PPS                                     (abs)        01F1B
_RC1IE                                      (abs)        038CD
_RC1IF                                      (abs)        0387D
_RC1STA                                     (abs)        0011D
_RC7PPS                                     (abs)        01F27
_RCREG1                                     (abs)        00119
_RCSTA1bits                                 (abs)        0011D
_RX1DTPPS                                   (abs)        01ECB
_Receive_CAN_Message                        text21       01259
_SP1BRG                                     (abs)        0011B
_SP1BRGH                                    (abs)        0011C
_SPI1_GetBuffer                             text40       01180
_SPI1_Initialize                            text43       01043
_SPI1_Put                                   text42       0104A
_SPI1_PutBuffer                             text37       010EF
_SSP1BUF                                    (abs)        0018C
_SSP1CON1                                   (abs)        00190
_SSP1DATPPS                                 (abs)        01EC6
_SSP1STAT                                   (abs)        0018F
_SSP1STATbits                               (abs)        0018F
_SW_ROW_ARRAY                               dataBANK2    00169
_SW_row                                     bssBANK0     00057
_SYSTEM_Initialize                          text31       014F6
_SYSTEM_Sleep                               text16       0105E
_SYSTEM_Wakeup                              text13       0107C
_SYSTEM_tick                                bssBANK0     00053
_T0CON0                                     (abs)        0059E
_T0CON1                                     (abs)        0059F
_T1CLK                                      (abs)        00211
_T1CON                                      (abs)        0020E
_T1CONbits                                  (abs)        0020E
_T2CONbits                                  (abs)        0028E
_TMR0H                                      (abs)        0059D
_TMR0L                                      (abs)        0059C
_TMR1                                       (abs)        0020C
_TMR1IE                                     (abs)        038D0
_TMR1IF                                     (abs)        03880
_TMR2IE                                     (abs)        038D1
_TMR2IF                                     (abs)        03881
_TRISA                                      (abs)        00012
_TRISB                                      (abs)        00013
_TRISBbits                                  (abs)        00013
_TRISC                                      (abs)        00014
_TRISCbits                                  (abs)        00014
_TRISD                                      (abs)        00015
_TRISE                                      (abs)        00016
_TRISF                                      (abs)        00017
_TX1IE                                      (abs)        038CC
_TX1IF                                      (abs)        0387C
_TX1STA                                     (abs)        0011E
_TXREG1                                     (abs)        0011A
_TXSTA1bits                                 (abs)        0011E
_Update_LEDs                                text19       01276
_WPUB                                       (abs)        01F44
_WPUC                                       (abs)        01F4F
__CFG_BBEN$OFF                              (abs)        00000
__CFG_BBSIZE$BB512                          (abs)        00000
__CFG_BOREN$ON                              (abs)        00000
__CFG_BORV$LO                               (abs)        00000
__CFG_CLKOUTEN$OFF                          (abs)        00000
__CFG_CP$OFF                                (abs)        00000
__CFG_CSWEN$ON                              (abs)        00000
__CFG_FCMEN$OFF                             (abs)        00000
__CFG_FEXTOSC$OFF                           (abs)        00000
__CFG_LPBOREN$OFF                           (abs)        00000
__CFG_LVP$ON                                (abs)        00000
__CFG_MCLRE$ON                              (abs)        00000
__CFG_PPS1WAY$OFF                           (abs)        00000
__CFG_PWRTE$OFF                             (abs)        00000
__CFG_RSTOSC$HFINT32                        (abs)        00000
__CFG_SAFEN$OFF                             (abs)        00000
__CFG_STVREN$ON                             (abs)        00000
__CFG_WDTCCS$LFINTOSC                       (abs)        00000
__CFG_WDTCPS$WDTCPS_5                       (abs)        00000
__CFG_WDTCWS$WDTCWS_7                       (abs)        00000
__CFG_WDTE$NSLEEP                           (abs)        00000
__CFG_WRTAPP$OFF                            (abs)        00000
__CFG_WRTB$OFF                              (abs)        00000
__CFG_WRTC$OFF                              (abs)        00000
__CFG_WRTSAF$OFF                            (abs)        00000
__CFG_ZCD$OFF                               (abs)        00000
__EnqueueTxMessage                          text7        0142C
__EnqueueTxMessage@pBuf                     cstackBANK0  0004A
__EnqueueTxMessage@pFrame                   cstackBANK0  00048
__Habs1                                     abs1         00000
__Hbank0                                    bank0        00000
__Hbank1                                    bank1        00000
__Hbank10                                   bank10       00000
__Hbank11                                   bank11       00000
__Hbank12                                   bank12       00000
__Hbank13                                   bank13       00000
__Hbank14                                   bank14       00000
__Hbank15                                   bank15       00000
__Hbank16                                   bank16       00000
__Hbank17                                   bank17       00000
__Hbank18                                   bank18       00000
__Hbank19                                   bank19       00000
__Hbank2                                    bank2        00000
__Hbank20                                   bank20       00000
__Hbank21                                   bank21       00000
__Hbank22                                   bank22       00000
__Hbank23                                   bank23       00000
__Hbank24                                   bank24       00000
__Hbank25                                   bank25       00000
__Hbank26                                   bank26       00000
__Hbank27                                   bank27       00000
__Hbank28                                   bank28       00000
__Hbank29                                   bank29       00000
__Hbank3                                    bank3        00000
__Hbank30                                   bank30       00000
__Hbank31                                   bank31       00000
__Hbank32                                   bank32       00000
__Hbank33                                   bank33       00000
__Hbank34                                   bank34       00000
__Hbank35                                   bank35       00000
__Hbank36                                   bank36       00000
__Hbank37                                   bank37       00000
__Hbank38                                   bank38       00000
__Hbank39                                   bank39       00000
__Hbank4                                    bank4        00000
__Hbank40                                   bank40       00000
__Hbank41                                   bank41       00000
__Hbank42                                   bank42       00000
__Hbank43                                   bank43       00000
__Hbank44                                   bank44       00000
__Hbank45                                   bank45       00000
__Hbank46                                   bank46       00000
__Hbank47                                   bank47       00000
__Hbank48                                   bank48       00000
__Hbank49                                   bank49       00000
__Hbank5                                    bank5        00000
__Hbank50                                   bank50       00000
__Hbank51                                   bank51       00000
__Hbank52                                   bank52       00000
__Hbank53                                   bank53       00000
__Hbank54                                   bank54       00000
__Hbank55                                   bank55       00000
__Hbank56                                   bank56       00000
__Hbank57                                   bank57       00000
__Hbank58                                   bank58       00000
__Hbank59                                   bank59       00000
__Hbank6                                    bank6        00000
__Hbank60                                   bank60       00000
__Hbank61                                   bank61       00000
__Hbank62                                   bank62       00000
__Hbank63                                   bank63       00000
__Hbank7                                    bank7        00000
__Hbank8                                    bank8        00000
__Hbank9                                    bank9        00000
__Hbigram                                   bigram       00000
__HbssBANK0                                 bssBANK0     00000
__HbssBANK1                                 bssBANK1     00000
__HbssBANK2                                 bssBANK2     00000
__HbssBANK3                                 bssBANK3     00000
__HbssBANK4                                 bssBANK4     00000
__Hcinit                                    cinit        000D6
__Hclrtext                                  clrtext      00000
__Hcode                                     code         00000
__Hcommon                                   common       00000
__Hconfig                                   config       0800C
__HcstackBANK0                              cstackBANK0  00000
__HcstackBANK1                              cstackBANK1  00000
__HcstackBANK3                              cstackBANK3  00000
__HcstackBANK4                              cstackBANK4  00000
__HcstackCOMMON                             cstackCOMMON 00000
__HdataBANK1                                dataBANK1    00000
__HdataBANK2                                dataBANK2    00000
__HdataBANK3                                dataBANK3    00000
__Heeprom_data                              eeprom_data  00000
__Hend_init                                 end_init     00068
__Hfunctab                                  functab      00000
__HidataBANK1                               idataBANK1   00000
__HidataBANK2                               idataBANK2   00000
__HidataBANK3                               idataBANK3   00000
__Hidloc                                    idloc        00000
__Hinit                                     init         00066
__Hinittext                                 inittext     00000
__Hintentry                                 intentry     00066
__Hmaintext                                 maintext     00000
__Hpowerup                                  powerup      00000
__Hram                                      ram          00000
__Hreset_vec                                reset_vec    00002
__Hsfr0                                     sfr0         00000
__Hsfr1                                     sfr1         00000
__Hsfr10                                    sfr10        00000
__Hsfr11                                    sfr11        00000
__Hsfr12                                    sfr12        00000
__Hsfr13                                    sfr13        00000
__Hsfr14                                    sfr14        00000
__Hsfr15                                    sfr15        00000
__Hsfr16                                    sfr16        00000
__Hsfr17                                    sfr17        00000
__Hsfr18                                    sfr18        00000
__Hsfr19                                    sfr19        00000
__Hsfr2                                     sfr2         00000
__Hsfr20                                    sfr20        00000
__Hsfr21                                    sfr21        00000
__Hsfr22                                    sfr22        00000
__Hsfr23                                    sfr23        00000
__Hsfr24                                    sfr24        00000
__Hsfr25                                    sfr25        00000
__Hsfr26                                    sfr26        00000
__Hsfr27                                    sfr27        00000
__Hsfr28                                    sfr28        00000
__Hsfr29                                    sfr29        00000
__Hsfr3                                     sfr3         00000
__Hsfr30                                    sfr30        00000
__Hsfr31                                    sfr31        00000
__Hsfr32                                    sfr32        00000
__Hsfr33                                    sfr33        00000
__Hsfr34                                    sfr34        00000
__Hsfr35                                    sfr35        00000
__Hsfr36                                    sfr36        00000
__Hsfr37                                    sfr37        00000
__Hsfr38                                    sfr38        00000
__Hsfr39                                    sfr39        00000
__Hsfr4                                     sfr4         00000
__Hsfr40                                    sfr40        00000
__Hsfr41                                    sfr41        00000
__Hsfr42                                    sfr42        00000
__Hsfr43                                    sfr43        00000
__Hsfr44                                    sfr44        00000
__Hsfr45                                    sfr45        00000
__Hsfr46                                    sfr46        00000
__Hsfr47                                    sfr47        00000
__Hsfr48                                    sfr48        00000
__Hsfr49                                    sfr49        00000
__Hsfr5                                     sfr5         00000
__Hsfr50                                    sfr50        00000
__Hsfr51                                    sfr51        00000
__Hsfr52                                    sfr52        00000
__Hsfr53                                    sfr53        00000
__Hsfr54                                    sfr54        00000
__Hsfr55                                    sfr55        00000
__Hsfr56                                    sfr56        00000
__Hsfr57                                    sfr57        00000
__Hsfr58                                    sfr58        00000
__Hsfr59                                    sfr59        00000
__Hsfr6                                     sfr6         00000
__Hsfr60                                    sfr60        00000
__Hsfr61                                    sfr61        00000
__Hsfr62                                    sfr62        00000
__Hsfr63                                    sfr63        00000
__Hsfr7                                     sfr7         00000
__Hsfr8                                     sfr8         00000
__Hsfr9                                     sfr9         00000
__Hspace_0                                  (abs)        0800C
__Hspace_1                                  (abs)        00253
__Hspace_2                                  (abs)        00000
__Hspace_3                                  (abs)        00000
__Hstack                                    stack        00000
__Hstrings                                  strings      00000
__Hstringtext1                              stringtext1  00000
__Hstringtext2                              stringtext2  00000
__Htext                                     text         00000
__Labs1                                     abs1         00000
__Lbank0                                    bank0        00000
__Lbank1                                    bank1        00000
__Lbank10                                   bank10       00000
__Lbank11                                   bank11       00000
__Lbank12                                   bank12       00000
__Lbank13                                   bank13       00000
__Lbank14                                   bank14       00000
__Lbank15                                   bank15       00000
__Lbank16                                   bank16       00000
__Lbank17                                   bank17       00000
__Lbank18                                   bank18       00000
__Lbank19                                   bank19       00000
__Lbank2                                    bank2        00000
__Lbank20                                   bank20       00000
__Lbank21                                   bank21       00000
__Lbank22                                   bank22       00000
__Lbank23                                   bank23       00000
__Lbank24                                   bank24       00000
__Lbank25                                   bank25       00000
__Lbank26                                   bank26       00000
__Lbank27                                   bank27       00000
__Lbank28                                   bank28       00000
__Lbank29                                   bank29       00000
__Lbank3                                    bank3        00000
__Lbank30                                   bank30       00000
__Lbank31                                   bank31       00000
__Lbank32                                   bank32       00000
__Lbank33                                   bank33       00000
__Lbank34                                   bank34       00000
__Lbank35                                   bank35       00000
__Lbank36                                   bank36       00000
__Lbank37                                   bank37       00000
__Lbank38                                   bank38       00000
__Lbank39                                   bank39       00000
__Lbank4                                    bank4        00000
__Lbank40                                   bank40       00000
__Lbank41                                   bank41       00000
__Lbank42                                   bank42       00000
__Lbank43                                   bank43       00000
__Lbank44                                   bank44       00000
__Lbank45                                   bank45       00000
__Lbank46                                   bank46       00000
__Lbank47                                   bank47       00000
__Lbank48                                   bank48       00000
__Lbank49                                   bank49       00000
__Lbank5                                    bank5        00000
__Lbank50                                   bank50       00000
__Lbank51                                   bank51       00000
__Lbank52                                   bank52       00000
__Lbank53                                   bank53       00000
__Lbank54                                   bank54       00000
__Lbank55                                   bank55       00000
__Lbank56                                   bank56       00000
__Lbank57                                   bank57       00000
__Lbank58                                   bank58       00000
__Lbank59                                   bank59       00000
__Lbank6                                    bank6        00000
__Lbank60                                   bank60       00000
__Lbank61                                   bank61       00000
__Lbank62                                   bank62       00000
__Lbank63                                   bank63       00000
__Lbank7                                    bank7        00000
__Lbank8                                    bank8        00000
__Lbank9                                    bank9        00000
__Lbigram                                   bigram       00000
__LbssBANK0                                 bssBANK0     00000
__LbssBANK1                                 bssBANK1     00000
__LbssBANK2                                 bssBANK2     00000
__LbssBANK3                                 bssBANK3     00000
__LbssBANK4                                 bssBANK4     00000
__Lcinit                                    cinit        00068
__Lclrtext                                  clrtext      00000
__Lcode                                     code         00000
__Lcommon                                   common       00000
__Lconfig                                   config       08007
__LcstackBANK0                              cstackBANK0  00000
__LcstackBANK1                              cstackBANK1  00000
__LcstackBANK3                              cstackBANK3  00000
__LcstackBANK4                              cstackBANK4  00000
__LcstackCOMMON                             cstackCOMMON 00000
__LdataBANK1                                dataBANK1    00000
__LdataBANK2                                dataBANK2    00000
__LdataBANK3                                dataBANK3    00000
__Leeprom_data                              eeprom_data  00000
__Lend_init                                 end_init     00066
__Lfunctab                                  functab      00000
__LidataBANK1                               idataBANK1   00000
__LidataBANK2                               idataBANK2   00000
__LidataBANK3                               idataBANK3   00000
__Lidloc                                    idloc        00000
__Linit                                     init         00066
__Linittext                                 inittext     00000
__Lintentry                                 intentry     00004
__Lmaintext                                 maintext     00000
__Lpowerup                                  powerup      00000
__Lram                                      ram          00000
__Lreset_vec                                reset_vec    00000
__Lsfr0                                     sfr0         00000
__Lsfr1                                     sfr1         00000
__Lsfr10                                    sfr10        00000
__Lsfr11                                    sfr11        00000
__Lsfr12                                    sfr12        00000
__Lsfr13                                    sfr13        00000
__Lsfr14                                    sfr14        00000
__Lsfr15                                    sfr15        00000
__Lsfr16                                    sfr16        00000
__Lsfr17                                    sfr17        00000
__Lsfr18                                    sfr18        00000
__Lsfr19                                    sfr19        00000
__Lsfr2                                     sfr2         00000
__Lsfr20                                    sfr20        00000
__Lsfr21                                    sfr21        00000
__Lsfr22                                    sfr22        00000
__Lsfr23                                    sfr23        00000
__Lsfr24                                    sfr24        00000
__Lsfr25                                    sfr25        00000
__Lsfr26                                    sfr26        00000
__Lsfr27                                    sfr27        00000
__Lsfr28                                    sfr28        00000
__Lsfr29                                    sfr29        00000
__Lsfr3                                     sfr3         00000
__Lsfr30                                    sfr30        00000
__Lsfr31                                    sfr31        00000
__Lsfr32                                    sfr32        00000
__Lsfr33                                    sfr33        00000
__Lsfr34                                    sfr34        00000
__Lsfr35                                    sfr35        00000
__Lsfr36                                    sfr36        00000
__Lsfr37                                    sfr37        00000
__Lsfr38                                    sfr38        00000
__Lsfr39                                    sfr39        00000
__Lsfr4                                     sfr4         00000
__Lsfr40                                    sfr40        00000
__Lsfr41                                    sfr41        00000
__Lsfr42                                    sfr42        00000
__Lsfr43                                    sfr43        00000
__Lsfr44                                    sfr44        00000
__Lsfr45                                    sfr45        00000
__Lsfr46                                    sfr46        00000
__Lsfr47                                    sfr47        00000
__Lsfr48                                    sfr48        00000
__Lsfr49                                    sfr49        00000
__Lsfr5                                     sfr5         00000
__Lsfr50                                    sfr50        00000
__Lsfr51                                    sfr51        00000
__Lsfr52                                    sfr52        00000
__Lsfr53                                    sfr53        00000
__Lsfr54                                    sfr54        00000
__Lsfr55                                    sfr55        00000
__Lsfr56                                    sfr56        00000
__Lsfr57                                    sfr57        00000
__Lsfr58                                    sfr58        00000
__Lsfr59                                    sfr59        00000
__Lsfr6                                     sfr6         00000
__Lsfr60                                    sfr60        00000
__Lsfr61                                    sfr61        00000
__Lsfr62                                    sfr62        00000
__Lsfr63                                    sfr63        00000
__Lsfr7                                     sfr7         00000
__Lsfr8                                     sfr8         00000
__Lsfr9                                     sfr9         00000
__Lspace_0                                  (abs)        00000
__Lspace_1                                  (abs)        00000
__Lspace_2                                  (abs)        00000
__Lspace_3                                  (abs)        00000
__Lstack                                    stack        00000
__Lstrings                                  strings      00000
__Lstringtext1                              stringtext1  00000
__Lstringtext2                              stringtext2  00000
__Ltext                                     text         00000
__MessageToTxBuffer                         text10       00A8D
__MessageToTxBuffer$473                     cstackBANK0  0003A
__MessageToTxBuffer$481                     cstackBANK0  0003F
__MessageToTxBuffer@canid                   cstackBANK0  00046
__MessageToTxBuffer@ext                     cstackBANK0  00045
__MessageToTxBuffer@id                      cstackBANK0  00041
__MessageToTxBuffer@pBuf                    cstackBANK0  00033
__MessageToTxBuffer@pFrame                  cstackBANK0  00031
__MessageToTxBuffer@rtr                     cstackBANK0  0003E
__Modify                                    text41       0114E
__Modify@mask                               cstackBANK0  00032
__Modify@reg                                cstackBANK0  00034
__Modify@value                              cstackBANK0  00033
__Read                                      text39       0119A
__Read@count                                cstackBANK0  00036
__Read@pBuf                                 cstackBANK0  00034
__Read@reg                                  cstackBANK0  00038
__RxBufferToMessage                         text25       00890
__RxBufferToMessage@dlc                     cstackBANK0  0003E
__RxBufferToMessage@id                      cstackBANK0  0003F
__RxBufferToMessage@p                       cstackBANK0  00031
__RxBufferToMessage@pMsg                    cstackBANK0  00033
__RxCommand                                 text53       01106
__RxCommand@cmd                             cstackCOMMON 00076
__RxCommand@count                           cstackCOMMON 00074
__RxCommand@p                               cstackCOMMON 00073
__RxCommand@pBuf                            cstackCOMMON 00077
__S0                                        (abs)        0800C
__S1                                        (abs)        00253
__S2                                        (abs)        00000
__SendBuffer                                text9        01221
__SendBuffer@addr                           cstackBANK0  0003D
__SendBuffer@pBuf                           cstackBANK0  00039
__SetMode                                   text38       0179E
__SetMode@mode                              cstackBANK0  00045
__SetMode@modeMatch                         cstackBANK0  00046
__SetMode@timer                             cstackBANK0  00041
__TxCommand                                 text36       010DA
__TxCommand@cmd                             cstackBANK0  00037
__TxCommand@count                           cstackBANK0  00035
__TxCommand@pBuf                            cstackBANK0  00034
__Wakeup                                    text12       013A7
__Write                                     text35       011B4
__Write@count                               cstackBANK0  00036
__Write@pBuf                                cstackBANK0  00034
__Write@reg                                 cstackBANK0  00038
___int_sp                                   stack        00000
___latbits                                  (abs)        00003
___sp                                       stack        00000
___wmul                                     text24       01205
___wmul@multiplicand                        cstackBANK0  00033
___wmul@multiplier                          cstackBANK0  00031
___wmul@product                             cstackBANK0  00035
__canConfig                                 stringtext2  01800
__canMode                                   bssBANK0     0005E
__enableInputState                          bssBANK2     00156
__end_of_Button_Debounce                    text30       014F6
__end_of_Buttons_Initialize                 text44       012D2
__end_of_Buttons_Update                     text28       01000
__end_of_CAN_Initialize                     text33       00A8D
__end_of_CAN_Rx                             text23       0163A
__end_of_CAN_Sleep                          text17       0103C
__end_of_CAN_To_EUSART                      text22       003FE
__end_of_CAN_Tx                             text6        007F2
__end_of_CAN_TxMailbox                      text8        015E4
__end_of_CAN_Wakeup                         text14       012B1
__end_of_EUSART_Initialize                  text15       0142C
__end_of_EUSART_Master_Request              text3        014B2
__end_of_EUSART_Parity_Count                text58       01369
__end_of_EUSART_Receive                     text2        00D22
__end_of_EUSART_Receive_ISR                 text57       01335
__end_of_EUSART_TO_CAN                      text5        00785
__end_of_EUSART_Transmit_ISR                text56       01302
__end_of_Get_Settings_Lock_Status           text29       01036
__end_of_LED_Initialize                     text32       0082D
__end_of_MCP2515_ISR                        text46       00E8F
__end_of_Receive_CAN_Message                text21       01276
__end_of_SPI1_GetBuffer                     text40       0119A
__end_of_SPI1_Initialize                    text43       0104A
__end_of_SPI1_Put                           text42       01052
__end_of_SPI1_PutBuffer                     text37       01106
__end_of_SYSTEM_Initialize                  text31       01541
__end_of_SYSTEM_Sleep                       text16       0106D
__end_of_SYSTEM_Wakeup                      text13       0108C
__end_of_Update_LEDs                        text19       01293
__end_of__CRCTable                          stringtext1  005FE
__end_of__EnqueueTxMessage                  text7        0146F
__end_of__MessageToTxBuffer                 text10       00BBE
__end_of__Modify                            text41       01166
__end_of__Read                              text39       011B4
__end_of__RxBufferToMessage                 text25       0098B
__end_of__RxCommand                         text53       0111E
__end_of__SendBuffer                        text9        0123D
__end_of__SetMode                           text38       01800
__end_of__TxCommand                         text36       010EF
__end_of__Wakeup                            text12       013E9
__end_of__Write                             text35       011CE
__end_of___wmul                             text24       01221
__end_of__canConfig                         stringtext2  01820
__end_of__initialization                    cinit        000D2
__end_of_button_task                        text27       00890
__end_of_direction_message_task             text26       016EA
__end_of_handle_can_messages_from_VCU       text20       01590
__end_of_led_task                           text18       01744
[...]
Total ram usage:        3 bytes
 Hardware stack levels used:    1
 This function calls:
		Nothing
 This function is called by:
		i1__Write
 This function uses a non-reentrant model


 *************** function i1__Modify *****************
 Defined at:
		line 261 in file "../src/CAN_SPI_PIC16.c"
 Parameters:    Size  Location     Type
  reg             1    wreg     unsigned char 
  mask            1    1[COMMON] unsigned char 
  value           1    2[COMMON] unsigned char 
 Auto vars:     Size  Location     Type
  reg             1    3[COMMON] unsigned char 
 Return value:  Size  Location     Type
                  1    wreg      void 
 Registers used:
		wreg, status,2, status,0, pclath, cstack
 Tracked objects:
		On entry : 
		On exit  : 
		Unchanged: 
 Data sizes:     COMMON   BANK0   BANK1   BANK2   BANK3   BANK4   BANK5   BANK6   BANK7   BANK8   BANK9  BANK10  BANK11  BANK12  BANK13  BANK14  BANK15  BANK16  BANK17  BANK18  BANK19  BANK20  BANK21  BANK22  BANK23  BANK24  BANK25
      Params:         2       0       0       0       0       0       0       0       0       0       0       0       0       0       0       0       0       0       0       0       0       0       0       0       0       0       0
      Locals:         1       0       0       0       0       0       0       0       0       0       0       0       0       0       0       0       0       0       0       0       0       0       0       0       0       0       0
      Temps:          0       0       0       0       0       0       0       0       0       0       0       0       0       0       0       0       0       0       0       0       0       0       0       0       0       0       0
      Totals:         3       0       0       0       0       0       0       0       0       0       0       0       0       0       0       0       0       0       0       0       0       0       0       0       0       0       0
Total ram usage:        3 bytes
 Hardware stack levels used:    1
 Hardware stack levels required when called:    1
 This function calls:
		i1_SPI1_Put
 This function is called by:
		_MCP2515_ISR
		i1__SendBuffer
 This function uses a non-reentrant model


 *************** function i1__Read *****************
 Defined at:
		line 232 in file "../src/CAN_SPI_PIC16.c"
 Parameters:    Size  Location     Type
  reg             1    wreg     unsigned char 
  pBuf            2    3[COMMON] PTR unsigned char 
		 -> CAN_isBusOff@_errFlags(1), MCP2515_ISR@_errFlags(1), MCP2515_ISR@_intFlags2(1), CAN_rxMessageQ.m_entry(208), 
		 -> CAN_TxMailbox@bufStatus(1), CAN_rxMessageQ(210), _canMode(1), 
  count           1    5[COMMON] unsigned char 
 Auto vars:     Size  Location     Type
  reg             1    7[COMMON] unsigned char 
 Return value:  Size  Location     Type
                  1    wreg      void 
 Registers used:
		wreg, fsr1l, fsr1h, status,2, status,0, pclath, cstack
 Tracked objects:
		On entry : 
		On exit  : 
		Unchanged: 
 Data sizes:     COMMON   BANK0   BANK1   BANK2   BANK3   BANK4   BANK5   BANK6   BANK7   BANK8   BANK9  BANK10  BANK11  BANK12  BANK13  BANK14  BANK15  BANK16  BANK17  BANK18  BANK19  BANK20  BANK21  BANK22  BANK23  BANK24  BANK25
      Params:         3       0       0       0       0       0       0       0       0       0       0       0       0       0       0       0       0       0       0       0       0       0       0       0       0       0       0
      Locals:         1       0       0       0       0       0       0       0       0       0       0       0       0       0       0       0       0       0       0       0       0       0       0       0       0       0       0
      Temps:          1       0       0       0       0       0       0       0       0       0       0       0       0       0       0       0       0       0       0       0       0       0       0       0       0       0       0
      Totals:         5       0       0       0       0       0       0       0       0       0       0       0       0       0       0       0       0       0       0       0       0       0       0       0       0       0       0
Total ram usage:        5 bytes
 Hardware stack levels used:    1
 Hardware stack levels required when called:    1
 This function calls:
		i1_SPI1_GetBuffer
		i1_SPI1_Put
 This function is called by:
		_MCP2515_ISR
 This function uses a non-reentrant model


 *************** function __RxCommand *****************
 Defined at:
		line 290 in file "../src/CAN_SPI_PIC16.c"
 Parameters:    Size  Location     Type
  cmd             1    wreg     unsigned char 
  p               1    3[COMMON] PTR void 
		 -> MCP2515_ISR@_intFlags(1), 
  count           1    4[COMMON] unsigned char 
 Auto vars:     Size  Location     Type
  cmd             1    6[COMMON] unsigned char 
  pBuf            1    7[COMMON] PTR unsigned char 
		 -> MCP2515_ISR@_intFlags(1), 
 Return value:  Size  Location     Type
                  1    wreg      void 
 Registers used:
		wreg, fsr1l, fsr1h, status,2, status,0, pclath, cstack
 Tracked objects:
		On entry : 
		On exit  : 
		Unchanged: 
 Data sizes:     COMMON   BANK0   BANK1   BANK2   BANK3   BANK4   BANK5   BANK6   BANK7   BANK8   BANK9  BANK10  BANK11  BANK12  BANK13  BANK14  BANK15  BANK16  BANK17  BANK18  BANK19  BANK20  BANK21  BANK22  BANK23  BANK24  BANK25
      Params:         2       0       0       0       0       0       0       0       0       0       0       0       0       0       0       0       0       0       0       0       0       0       0       0       0       0       0
      Locals:         2       0       0       0       0       0       0       0       0       0       0       0       0       0       0       0       0       0       0       0       0       0       0       0       0       0       0
      Temps:          1       0       0       0       0       0       0       0       0       0       0       0       0       0       0       0       0       0       0       0       0       0       0       0       0       0       0
      Totals:         5       0       0       0       0       0       0       0       0       0       0       0       0       0       0       0       0       0       0       0       0       0       0       0       0       0       0
Total ram usage:        5 bytes
 Hardware stack levels used:    1
 Hardware stack levels required when called:    1
 This function calls:
		i1_SPI1_GetBuffer
		i1_SPI1_Put
 This function is called by:
		_MCP2515_ISR
 This function uses a non-reentrant model


 *************** function i1_SPI1_Put *****************
 Defined at:
		line 47 in file "../src/spi_pic16.c"
 Parameters:    Size  Location     Type
  c               1    wreg     unsigned char 
 Auto vars:     Size  Location     Type
  c               1    0[COMMON] unsigned char 
 Return value:  Size  Location     Type
                  1    wreg      void 
 Registers used:
		wreg
 Tracked objects:
		On entry : 
		On exit  : 
		Unchanged: 
 Data sizes:     COMMON   BANK0   BANK1   BANK2   BANK3   BANK4   BANK5   BANK6   BANK7   BANK8   BANK9  BANK10  BANK11  BANK12  BANK13  BANK14  BANK15  BANK16  BANK17  BANK18  BANK19  BANK20  BANK21  BANK22  BANK23  BANK24  BANK25
      Params:         0       0       0       0       0       0       0       0       0       0       0       0       0       0       0       0       0       0       0       0       0       0       0       0       0       0       0
      Locals:         1       0       0       0       0       0       0       0       0       0       0       0       0       0       0       0       0       0       0       0       0       0       0       0       0       0       0
      Temps:          0       0       0       0       0       0       0       0       0       0       0       0       0       0       0       0       0       0       0       0       0       0       0       0       0       0       0
      Totals:         1       0       0       0       0       0       0       0       0       0       0       0       0       0       0       0       0       0       0       0       0       0       0       0       0       0       0
Total ram usage:        1 bytes
 Hardware stack levels used:    1
 This function calls:
		Nothing
 This function is called by:
		__RxCommand
		i1__Read
		i1__Write
		i1__Modify
 This function uses a non-reentrant model


 *************** function i1_SPI1_GetBuffer *****************
 Defined at:
		line 97 in file "../src/spi_pic16.c"
 Parameters:    Size  Location     Type
  pBuf            2    0[COMMON] PTR unsigned char 
		 -> CAN_isBusOff@_errFlags(1), MCP2515_ISR@_errFlags(1), MCP2515_ISR@_intFlags2(1), MCP2515_ISR@_intFlags(1), 
		 -> CAN_rxMessageQ.m_entry(208), CAN_TxMailbox@bufStatus(1), CAN_rxMessageQ(210), _canMode(1), 
  count           1    2[COMMON] unsigned char 
 Auto vars:     Size  Location     Type
		None
 Return value:  Size  Location     Type
                  1    wreg      void 
 Registers used:
		wreg, fsr1l, fsr1h, status,2, status,0
 Tracked objects:
		On entry : 
		On exit  : 
		Unchanged: 
 Data sizes:     COMMON   BANK0   BANK1   BANK2   BANK3   BANK4   BANK5   BANK6   BANK7   BANK8   BANK9  BANK10  BANK11  BANK12  BANK13  BANK14  BANK15  BANK16  BANK17  BANK18  BANK19  BANK20  BANK21  BANK22  BANK23  BANK24  BANK25
      Params:         3       0       0       0       0       0       0       0       0       0       0       0       0       0       0       0       0       0       0       0       0       0       0       0       0       0       0
      Locals:         0       0       0       0       0       0       0       0       0       0       0       0       0       0       0       0       0       0       0       0       0       0       0       0       0       0       0
      Temps:          0       0       0       0       0       0       0       0       0       0       0       0       0       0       0       0       0       0       0       0       0       0       0       0       0       0       0
      Totals:         3       0       0       0       0       0       0       0       0       0       0       0       0       0       0       0       0       0       0       0       0       0       0       0       0       0       0
Total ram usage:        3 bytes
 Hardware stack levels used:    1
 This function calls:
		Nothing
 This function is called by:
		__RxCommand
		i1__Read
 This function uses a non-reentrant model


 *************** function _EUSART_Transmit_ISR *****************
 Defined at:
		line 85 in file "../src/EUSART.c"
 Parameters:    Size  Location     Type
		None
 Auto vars:     Size  Location     Type
		None
 Return value:  Size  Location     Type
                  1    wreg      void 
 Registers used:
		wreg, fsr1l, fsr1h, status,2, status,0, pclath, cstack
 Tracked objects:
		On entry : 
		On exit  : 
		Unchanged: 
 Data sizes:     COMMON   BANK0   BANK1   BANK2   BANK3   BANK4   BANK5   BANK6   BANK7   BANK8   BANK9  BANK10  BANK11  BANK12  BANK13  BANK14  BANK15  BANK16  BANK17  BANK18  BANK19  BANK20  BANK21  BANK22  BANK23  BANK24  BANK25
      Params:         0       0       0       0       0       0       0       0       0       0       0       0       0       0       0       0       0       0       0       0       0       0       0       0       0       0       0
      Locals:         0       0       0       0       0       0       0       0       0       0       0       0       0       0       0       0       0       0       0       0       0       0       0       0       0       0       0
      Temps:          1       0       0       0       0       0       0       0       0       0       0       0       0       0       0       0       0       0       0       0       0       0       0       0       0       0       0
      Totals:         1       0       0       0       0       0       0       0       0       0       0       0       0       0       0       0       0       0       0       0       0       0       0       0       0       0       0
Total ram usage:        1 bytes
 Hardware stack levels used:    1
 Hardware stack levels required when called:    1
 This function calls:
		_EUSART_Parity_Count
 This function is called by:
		_tc_int
 This function uses a non-reentrant model


 *************** function _EUSART_Receive_ISR *****************
 Defined at:
		line 109 in file "../src/EUSART.c"
 Parameters:    Size  Location     Type
		None
 Auto vars:     Size  Location     Type
		None
 Return value:  Size  Location     Type
                  1    wreg      void 
 Registers used:
		wreg, fsr1l, fsr1h, status,2, status,0, pclath, cstack
 Tracked objects:
		On entry : 
		On exit  : 
		Unchanged: 
 Data sizes:     COMMON   BANK0   BANK1   BANK2   BANK3   BANK4   BANK5   BANK6   BANK7   BANK8   BANK9  BANK10  BANK11  BANK12  BANK13  BANK14  BANK15  BANK16  BANK17  BANK18  BANK19  BANK20  BANK21  BANK22  BANK23  BANK24  BANK25
      Params:         0       0       0       0       0       0       0       0       0       0       0       0       0       0       0       0       0       0       0       0       0       0       0       0       0       0       0
      Locals:         0       0       0       0       0       0       0       0       0       0       0       0       0       0       0       0       0       0       0       0       0       0       0       0       0       0       0
      Temps:          1       0       0       0       0       0       0       0       0       0       0       0       0       0       0       0       0       0       0       0       0       0       0       0       0       0       0
      Totals:         1       0       0       0       0       0       0       0       0       0       0       0       0       0       0       0       0       0       0       0       0       0       0       0       0       0       0
Total ram usage:        1 bytes
 Hardware stack levels used:    1
 Hardware stack levels required when called:    1
 This function calls:
		_EUSART_Parity_Count
 This function is called by:
		_tc_int
 This function uses a non-reentrant model


 *************** function _EUSART_Parity_Count *****************
 Defined at:
		line 275 in file "../src/EUSART.c"
 Parameters:    Size  Location     Type
  EUSART_byte_    1    wreg     unsigned char 
 Auto vars:     Size  Location     Type
  EUSART_byte_    1    1[COMMON] unsigned char 
  i               2    2[COMMON] int 
 Return value:  Size  Location     Type
                  1    wreg      unsigned char 
 Registers used:
		wreg, status,2, status,0
 Tracked objects:
		On entry : 
		On exit  : 
		Unchanged: 
 Data sizes:     COMMON   BANK0   BANK1   BANK2   BANK3   BANK4   BANK5   BANK6   BANK7   BANK8   BANK9  BANK10  BANK11  BANK12  BANK13  BANK14  BANK15  BANK16  BANK17  BANK18  BANK19  BANK20  BANK21  BANK22  BANK23  BANK24  BANK25
      Params:         0       0       0       0       0       0       0       0       0       0       0       0       0       0       0       0       0       0       0       0       0       0       0       0       0       0       0
      Locals:         3       0       0       0       0       0       0       0       0       0       0       0       0       0       0       0       0       0       0       0       0       0       0       0       0       0       0
      Temps:          1       0       0       0       0       0       0       0       0       0       0       0       0       0       0       0       0       0       0       0       0       0       0       0       0       0       0
      Totals:         4       0       0       0       0       0       0       0       0       0       0       0       0       0       0       0       0       0       0       0       0       0       0       0       0       0       0
Total ram usage:        4 bytes
 Hardware stack levels used:    1
 This function calls:
		Nothing
 This function is called by:
		_EUSART_Transmit_ISR
		_EUSART_Receive_ISR
 This function uses a non-reentrant model



MODULE INFORMATION

Module		Function		Class		Link	Load	Size
../src/buttons.c
		_Button_Debounce		CODE           	14B2	0000	69
		_Buttons_Update		CODE           	0E8F	0000	370
		_Buttons_Initialize		CODE           	12B1	0000	34

../src/buttons.c estimated size: 473

C:\Program Files (x86)\Microchip\xc8\v1.45\sources\common\Umul16.c
		___wmul        		CODE           	1205	0000	29

C:\Program Files (x86)\Microchip\xc8\v1.45\sources\common\Umul16.c estimated size: 29

../src/system.c
		_SYSTEM_Sleep  		CODE           	105E	0000	16
		_SYSTEM_Wakeup 		CODE           	107C	0000	17
		_SYSTEM_Initialize		CODE           	14F6	0000	76

../src/system.c estimated size: 109

../src/EUSART.c
		_EUSART_Master_Request		CODE           	146F	0000	68
		_EUSART_TO_CAN 		CODE           	05FE	0000	392
		_EUSART_Transmit_ISR		CODE           	12D2	0000	49
		_EUSART_Receive		CODE           	0BBE	0000	357
		_EUSART_Initialize		CODE           	13E9	0000	68
		_EUSART_Receive_ISR		CODE           	1302	0000	52
		_CAN_To_EUSART 		CODE           	00D6	0000	809
		_EUSART_Parity_Count		CODE           	1335	0000	53
		_Get_Settings_Lock_Status		CODE           	1032	0000	5

../src/EUSART.c estimated size: 1853

../src/CAN_SPI_PIC16.c
		_CAN_Rx        		CODE           	15E4	0000	87
		__SendBuffer   		CODE           	1221	0000	29
		__RxCommand    		CODE           	1106	0000	25
		__TxCommand    		CODE           	10DA	0000	22
		__SetMode      		CODE           	179E	0000	99
		_CAN_Tx        		CODE           	0785	0000	110
		__RxBufferToMessage		CODE           	0890	0000	252
		__Modify       		CODE           	114E	0000	25
		_MCP2515_ISR   		CODE           	0D22	0000	366
		_CAN_TxMailbox 		CODE           	1590	0000	85
		__EnqueueTxMessage		CODE           	142C	0000	68
		__Write        		CODE           	11B4	0000	27
		__MessageToTxBuffer		CODE           	0A8D	0000	306
		_CAN_Initialize		CODE           	098B	0000	259
		_CAN_Sleep     		CODE           	1036	0000	7
		_CAN_Wakeup    		CODE           	1293	0000	31
		__Read         		CODE           	119A	0000	27
		_Receive_CAN_Message		CODE           	1259	0000	30

../src/CAN_SPI_PIC16.c estimated size: 1855

../src/spi_pic16.c
		_SPI1_Put      		CODE           	104A	0000	9
		_SPI1_GetBuffer		CODE           	1180	0000	27
		_SPI1_PutBuffer		CODE           	10EF	0000	24
		_SPI1_Initialize		CODE           	1043	0000	8

../src/spi_pic16.c estimated size: 68

../src/LED.c
		_Update_LEDs   		CODE           	1276	0000	30
		_LED_Initialize		CODE           	0801	0000	45

../src/LED.c estimated size: 75

../src/interrupts.c
		_tc_int        		CODE           	0004	0000	99

../src/interrupts.c estimated size: 99

shared
		__CRCTable     		STRCODE        	0000	0000	0
		i1_SPI1_GetBuffer		CODE           	10B0	0000	22
		i1__SendBuffer 		CODE           	1166	0000	27
		i1_SPI1_PutBuffer		CODE           	109D	0000	20
		i1__Modify     		CODE           	10C5	0000	22
		__canConfig    		STRCODE        	1800	0000	33
		i1__Read       		CODE           	111E	0000	25
		i1___wmul      		CODE           	11CE	0000	28
		__initialization		CODE           	0068	0000	107
		i1__Write      		CODE           	1136	0000	25
		i1_SPI1_Put    		CODE           	103C	0000	8

shared estimated size: 317

../src/main.c
		__Wakeup       		CODE           	13A7	0000	67
		_update_graphics		CODE           	108C	0000	18
		_power_down_task		CODE           	163A	0000	87
		_main          		CODE           	1369	0000	63
		_led_task      		CODE           	16EA	0000	91
		_direction_message_task		CODE           	1690	0000	91
		_transmit_can_message_task		CODE           	1744	0000	91
		_button_task   		CODE           	082D	0000	100
		_handle_can_messages_from_VCU		CODE           	1541	0000	80

../src/main.c estimated size: 688

C:\Program Files (x86)\Microchip\xc8\v1.45\sources\common\memset.c
		_memset        		CODE           	11E9	0000	29

C:\Program Files (x86)\Microchip\xc8\v1.45\sources\common\memset.c estimated size: 29

