Microchip Technology Inc, v1.50 (B)

Tool Name:
  c:\program files\microchip\xc16\v1.50\bin\bin\..\bin/elf-ld.exe

Command:
  -p33EP128MC506 \
  --mdfp=C:/Program Files (x86)/Microchip/MPLABX/v5.35/packs/Microchip/dsPIC33E-GM-GP-MC-GU-MU_DFP/1.2.58/xc16 \
  -o \
  dist/Standalone_test/production/TREX_VCM.X.production.elf \
  -Lc:/program files/microchip/xc16/v1.50/bin/bin/.. \
  -LC:/Program Files (x86)/Microchip/MPLABX/v5.35/packs/Microchip/dsPIC33E-GM-GP-MC-GU-MU_DFP/1.2.58/xc16/bin/../support/PIC24E/gld \
  -LC:/Program Files (x86)/Microchip/MPLABX/v5.35/packs/Microchip/dsPIC33E-GM-GP-MC-GU-MU_DFP/1.2.58/xc16/bin/../support/dsPIC33E/gld \
  -Lc:/program files/microchip/xc16/v1.50/bin/bin/../../lib \
  -Lc:/program files/microchip/xc16/v1.50/bin/bin/../../support/PIC24E/gld \
  -Lc:/program files/microchip/xc16/v1.50/bin/bin/../../support/PIC24F/gld \
  -Lc:/program files/microchip/xc16/v1.50/bin/bin/../../support/PIC24H/gld \
  -Lc:/program files/microchip/xc16/v1.50/bin/bin/../../support/dsPIC30F/gld \
  -Lc:/program files/microchip/xc16/v1.50/bin/bin/../../support/dsPIC33C/gld \
  -Lc:/program files/microchip/xc16/v1.50/bin/bin/../../support/dsPIC33E/gld \
  -Lc:/program files/microchip/xc16/v1.50/bin/bin/../../support/dsPIC33F/gld \
  build/Standalone_test/production/_ext/659850784/timer.o \
  build/Standalone_test/production/_ext/659850784/api.o \
  build/Standalone_test/production/_ext/659850784/api_can.o \
  build/Standalone_test/production/_ext/659850784/api_canmotor.o \
  build/Standalone_test/production/_ext/659850784/adc.o \
  build/Standalone_test/production/_ext/659850784/api_actuator.o \
  build/Standalone_test/production/_ext/659850784/drv_spi16.o \
  build/Standalone_test/production/_ext/659850784/ee_mc_25xx.o \
  build/Standalone_test/production/_ext/659850784/api_dinput.o \
  build/Standalone_test/production/_ext/659850784/api_imu.o \
  build/Standalone_test/production/_ext/659850784/lsm6ds3.o \
  build/Standalone_test/production/_ext/659850784/mcp2515_mb.o \
  build/Standalone_test/production/_ext/659850784/can2.o \
  build/Standalone_test/production/_ext/659828548/ainputs.o \
  build/Standalone_test/production/_ext/659828548/battery_charger.o \
  build/Standalone_test/production/_ext/659828548/brake.o \
  build/Standalone_test/production/_ext/659828548/can2.o \
  build/Standalone_test/production/_ext/659828548/deck_actuator.o \
  build/Standalone_test/production/_ext/659828548/dinputs.o \
  build/Standalone_test/production/_ext/659828548/DMC.o \
  build/Standalone_test/production/_ext/659828548/fault.o \
  build/Standalone_test/production/_ext/659828548/HMI_interface.o \
  build/Standalone_test/production/_ext/659828548/imu.o \
  build/Standalone_test/production/_ext/659828548/lockout.o \
  build/Standalone_test/production/_ext/659828548/nvram.o \
  build/Standalone_test/production/_ext/659828548/outputs.o \
  build/Standalone_test/production/_ext/659828548/Qualitiy_testing.o \
  build/Standalone_test/production/_ext/659828548/Telemetry.o \
  build/Standalone_test/production/_ext/659828548/test.o \
  build/Standalone_test/production/_ext/659828548/test_spi.o \
  build/Standalone_test/production/_ext/659828548/t_rex_operation.o \
  build/Standalone_test/production/_ext/659828548/micro_actuator.o \
  build/Standalone_test/production/_ext/659828548/main_power_contactor.o \
  build/Standalone_test/production/_ext/659828548/main.o \
  build/Standalone_test/production/_ext/659828548/EEPROM.o \
  build/Standalone_test/production/_ext/659828548/hour_meters.o \
  build/Standalone_test/production/_ext/659828548/utility.o \
  build/Standalone_test/production/mcc_generated_files/reset.o \
  build/Standalone_test/production/mcc_generated_files/system.o \
  build/Standalone_test/production/mcc_generated_files/can1.o \
  build/Standalone_test/production/mcc_generated_files/clock.o \
  build/Standalone_test/production/mcc_generated_files/interrupt_manager.o \
  build/Standalone_test/production/mcc_generated_files/mcc.o \
  build/Standalone_test/production/mcc_generated_files/pin_manager.o \
  build/Standalone_test/production/mcc_generated_files/traps.o \
  build/Standalone_test/production/mcc_generated_files/dma.o \
  build/Standalone_test/production/mcc_generated_files/tmr3.o \
  build/Standalone_test/production/mcc_generated_files/i2c1.o \
  build/Standalone_test/production/mcc_generated_files/pwm.o \
  build/Standalone_test/production/mcc_generated_files/ext_int.o \
  build/Standalone_test/production/mcc_generated_files/uart2.o \
  --local-stack \
  --defsym=__MPLAB_BUILD=1 \
  -Tapplication.gld.00 \
  --stack=16 \
  --check-sections \
  --data-init \
  --pack-data \
  --handles \
  --isr \
  --no-gc-sections \
  --fill-upper=0 \
  --stackguard=16 \
  --no-force-link \
  --smart-io \
  -Map=dist/Standalone_test/production/TREX VCM.X.production.map \
  --report-mem \
  --memorysummary \
  dist/Standalone_test/production/memoryfile.xml \
  -start-group \
  --library=lega-pic30-elf \
[...]
Memory Configuration

Name             Origin             Length             Attributes
data             0x001000           0x004000           a !xr
reset            0x000000           0x000004  
ivt              0x000004           0x0001fc  
app_ivt          0x001800           0x000200  
program          0x001a00           0x013dec           xr
FICD             0x0157f0           0x000002  
FPOR             0x0157f2           0x000002  
FWDT             0x0157f4           0x000002  
FOSC             0x0157f6           0x000002  
FOSCSEL          0x0157f8           0x000002  
FGS              0x0157fa           0x000002  
FUID0            0x800ff8           0x000002  
FUID1            0x800ffa           0x000002  
FUID2            0x800ffc           0x000002  
FUID3            0x800ffe           0x000002  
*default*        0x000000           0xffffffff  

Linker script and memory map

LOAD build/Standalone_test/production/_ext/659850784/timer.o
LOAD build/Standalone_test/production/_ext/659850784/api.o
LOAD build/Standalone_test/production/_ext/659850784/api_can.o
LOAD build/Standalone_test/production/_ext/659850784/api_canmotor.o
LOAD build/Standalone_test/production/_ext/659850784/adc.o
LOAD build/Standalone_test/production/_ext/659850784/api_actuator.o
LOAD build/Standalone_test/production/_ext/659850784/drv_spi16.o
LOAD build/Standalone_test/production/_ext/659850784/ee_mc_25xx.o
LOAD build/Standalone_test/production/_ext/659850784/api_dinput.o
LOAD build/Standalone_test/production/_ext/659850784/api_imu.o
LOAD build/Standalone_test/production/_ext/659850784/lsm6ds3.o
LOAD build/Standalone_test/production/_ext/659850784/mcp2515_mb.o
LOAD build/Standalone_test/production/_ext/659850784/can2.o
LOAD build/Standalone_test/production/_ext/659828548/ainputs.o
LOAD build/Standalone_test/production/_ext/659828548/battery_charger.o
LOAD build/Standalone_test/production/_ext/659828548/brake.o
LOAD build/Standalone_test/production/_ext/659828548/can2.o
LOAD build/Standalone_test/production/_ext/659828548/deck_actuator.o
LOAD build/Standalone_test/production/_ext/659828548/dinputs.o
LOAD build/Standalone_test/production/_ext/659828548/DMC.o
LOAD build/Standalone_test/production/_ext/659828548/fault.o
LOAD build/Standalone_test/production/_ext/659828548/HMI_interface.o
LOAD build/Standalone_test/production/_ext/659828548/imu.o
LOAD build/Standalone_test/production/_ext/659828548/lockout.o
LOAD build/Standalone_test/production/_ext/659828548/nvram.o
LOAD build/Standalone_test/production/_ext/659828548/outputs.o
LOAD build/Standalone_test/production/_ext/659828548/Qualitiy_testing.o
LOAD build/Standalone_test/production/_ext/659828548/Telemetry.o
LOAD build/Standalone_test/production/_ext/659828548/test.o
LOAD build/Standalone_test/production/_ext/659828548/test_spi.o
LOAD build/Standalone_test/production/_ext/659828548/t_rex_operation.o
LOAD build/Standalone_test/production/_ext/659828548/micro_actuator.o
LOAD build/Standalone_test/production/_ext/659828548/main_power_contactor.o
LOAD build/Standalone_test/production/_ext/659828548/main.o
LOAD build/Standalone_test/production/_ext/659828548/EEPROM.o
LOAD build/Standalone_test/production/_ext/659828548/hour_meters.o
LOAD build/Standalone_test/production/_ext/659828548/utility.o
LOAD build/Standalone_test/production/mcc_generated_files/reset.o
LOAD build/Standalone_test/production/mcc_generated_files/system.o
LOAD build/Standalone_test/production/mcc_generated_files/can1.o
LOAD build/Standalone_test/production/mcc_generated_files/clock.o
LOAD build/Standalone_test/production/mcc_generated_files/interrupt_manager.o
LOAD build/Standalone_test/production/mcc_generated_files/mcc.o
LOAD build/Standalone_test/production/mcc_generated_files/pin_manager.o
LOAD build/Standalone_test/production/mcc_generated_files/traps.o
LOAD build/Standalone_test/production/mcc_generated_files/dma.o
LOAD build/Standalone_test/production/mcc_generated_files/tmr3.o
LOAD build/Standalone_test/production/mcc_generated_files/i2c1.o
LOAD build/Standalone_test/production/mcc_generated_files/pwm.o
LOAD build/Standalone_test/production/mcc_generated_files/ext_int.o
LOAD build/Standalone_test/production/mcc_generated_files/uart2.o
                    0x0001                  __MPLAB_BUILD = 0x1
LOAD p33EP128MC506
LOAD c:/program files/microchip/xc16/v1.50/bin/bin/../../lib\libfx-elf.a
                    0x157f0                  __FICD = 0x157f0
                    0x157f2                  __FPOR = 0x157f2
                    0x157f4                  __FWDT = 0x157f4
                    0x157f6                  __FOSC = 0x157f6
                    0x157f8                  __FOSCSEL = 0x157f8
                    0x157fa                  __FGS = 0x157fa
                    0x800ff8                  __FUID0 = 0x800ff8
                    0x800ffa                  __FUID1 = 0x800ffa
                    0x800ffc                  __FUID2 = 0x800ffc
                    0x800ffe                  __FUID3 = 0x800ffe
                    0x1a00                  __CODE_BASE = 0x1a00
                    0x13dec                  __CODE_LENGTH = 0x13dec
                    0x0004                  __IVT_BASE = 0x4
                    0x1800                  __APP_IVT_BASE = 0x1800
                    0x1000                  __DATA_BASE = 0x1000
                    0x4000                  __DATA_LENGTH = 0x4000
                    0x3000                  __YDATA_BASE = 0x3000

.reset            0x000000          0x4
                  0x000000          0x2 SHORT 0x1a00 ABSOLUTE (__reset)
                  0x000001          0x2 SHORT 0x4
                  0x000002          0x2 SHORT 0x0 ((ABSOLUTE (__reset) >> 0x10) & 0x7f)
                  0x000003          0x2 SHORT 0x0

.text             0x001a00       0x24b4
 *(.init)
 .init            0x001a00         0x48 c:/program files/microchip/xc16/v1.50/bin/bin/../../lib\liblega-pic30-elf.a(crt0_extendedep.o)
                  0x001a00                  __resetPRI
                  0x001a00                  __reset
                  0x001a3c                  __psv_init
 .init            0x001a48         0xb2 c:/program files/microchip/xc16/v1.50/bin/bin/../../lib\liblega-pic30-elf.a(data_init_extended.o)
                  0x001a48                  __data_init
                  0x001a48                  __data_init_extended
 *(.user_init)
 *(.handle)
 .handle          0x001afa         0x1c jump_table
 *(.isr*)
 .isr.text        0x001b16         0xa8 build/Standalone_test/production/_ext/659850784/adc.o
                  0x001b16                  __DMA0Interrupt
 .isr.text        0x001bbe         0x52 build/Standalone_test/production/mcc_generated_files/can1.o
                  0x001bbe                  __C1Interrupt
 .isrerror_handler
                  0x001c10         0x4a build/Standalone_test/production/mcc_generated_files/traps.o
                  0x001c10                  __OscillatorFail
                  0x001c1a                  __StackError
                  0x001c28                  __AddressError
                  0x001c32                  __MathError
                  0x001c3c                  __DMACError
                  0x001c46                  __HardTrapError
                  0x001c50                  __SoftTrapError
 .isr.text        0x001c5a         0x40 build/Standalone_test/production/mcc_generated_files/dma.o
                  0x001c5a                  __DMA1Interrupt
                  0x001c7a                  __DMA2Interrupt
 .isr.text        0x001c9a         0x36 build/Standalone_test/production/mcc_generated_files/tmr3.o
                  0x001c9a                  __T3Interrupt
 .isr.text        0x001cd0        0x260 build/Standalone_test/production/mcc_generated_files/i2c1.o
                  0x001cd0                  __MI2C1Interrupt
 .isr.text        0x001f30         0x40 build/Standalone_test/production/mcc_generated_files/ext_int.o
                  0x001f30                  __INT1Interrupt
                  0x001f50                  __INT2Interrupt
 .isr             0x001f70          0x4 default_isr
                  0x001f70                  __DefaultInterrupt
 *(.libc)
 .libc            0x001f74         0x12 c:/program files/microchip/xc16/v1.50/bin/bin/../../lib\liblega-pic30-elf.a(closeep.Leo)
                  0x001f74                  _close
 .libc            0x001f86         0x84 c:/program files/microchip/xc16/v1.50/bin/bin/../../lib\liblega-pic30-elf.a(writeep.Leo)
                  0x001f86                  _write
 .libc            0x00200a         0x12 c:/program files/microchip/xc16/v1.50/bin/bin/../../lib\liblega-pic30-elf.a(removeep.Leo)
                  0x00200a                  _remove
 .libc            0x00201c         0x28 c:/program files/microchip/xc16/v1.50/bin/bin/../../lib\liblega-pic30-elf.a(sbrkep.Leo)
                  0x00201c                  _sbrk
 .libc            0x002044         0x1a c:/program files/microchip/xc16/v1.50/bin/bin/../../lib\liblega-pic30-elf.a(brkep.Lelo)
                  0x002044                  _brk
 *(.libm)
 *(.libdsp)
 *(.lib*)
 .libpic30_crt_start_mode
                  0x00205e          0x2 c:/program files/microchip/xc16/v1.50/bin/bin/../../lib\liblega-pic30-elf.a(crt_start_mode_normalep.Leo)
                  0x00205e                  __crt_start_mode
                  0x00205e                  __crt_start_mode_normal
 .libm.subsf3     0x002060         0xbc c:/program files/microchip/xc16/v1.50/bin/bin/../../lib\libm-elf.a(addsf3.epeo)
                  0x002060                  ___subsf3
                  0x002062                  ___addsf3
 .libm.divfs3     0x00211c         0x84 c:/program files/microchip/xc16/v1.50/bin/bin/../../lib\libm-elf.a(divsf3.epeo)
                  0x00211c                  ___divsf3
 .libm.eqsf2      0x0021a0          0x4 c:/program files/microchip/xc16/v1.50/bin/bin/../../lib\libm-elf.a(feqltle.epeo)
                  0x0021a0                  ___eqsf2
                  0x0021a0                  ___ltsf2
                  0x0021a0                  ___lesf2
 .libm.gtsf2      0x0021a4          0x4 c:/program files/microchip/xc16/v1.50/bin/bin/../../lib\libm-elf.a(fgtge.epeo)
                  0x0021a4                  ___gesf2
                  0x0021a4                  ___gtsf2
 .libm.fixsfsi    0x0021a8         0x42 c:/program files/microchip/xc16/v1.50/bin/bin/../../lib\libm-elf.a(fixsfsi.epeo)
                  0x0021a8                  _(float, int, long long, short, float, short, int)
 .libm.floatsisf
                  0x0021ea          0x6 c:/program files/microchip/xc16/v1.50/bin/bin/../../lib\libm-elf.a(floatsisf.epeo)
                  0x0021ea                  ___floatsisf
 .libm.floatunsisf
                  0x0021f0          0x4 c:/program files/microchip/xc16/v1.50/bin/bin/../../lib\libm-elf.a(floatunsisf.epeo)
                  0x0021f0                  ___floatunsisf
 .libm.nesf2      0x0021f4          0x4 c:/program files/microchip/xc16/v1.50/bin/bin/../../lib\libm-elf.a(fne.epeo)
                  0x0021f4                  ___nesf2
 .libm.fpack      0x0021f8         0x4c c:/program files/microchip/xc16/v1.50/bin/bin/../../lib\libm-elf.a(fpack.epeo)
                  0x0021f8                  __fpack
 .libm.funpack    0x002244         0x2a c:/program files/microchip/xc16/v1.50/bin/bin/../../lib\libm-elf.a(funpack.epeo)
                  0x002244                  __funpack
 .libm.funpack2
                  0x00226e         0x10 c:/program files/microchip/xc16/v1.50/bin/bin/../../lib\libm-elf.a(funpack2.epeo)
                  0x00226e                  __funpack2
 .libm.fPropagateNaN
                  0x00227e         0x12 c:/program files/microchip/xc16/v1.50/bin/bin/../../lib\libm-elf.a(futil.epeo)
                  0x00227e                  __fPropagateNaN
 .libm.fbobExit
                  0x002290          0x8 c:/program files/microchip/xc16/v1.50/bin/bin/../../lib\libm-elf.a(futil.epeo)
                  0x002290                  __fbopExit
 .libm.fbopReturnNaN
                  0x002298          0x6 c:/program files/microchip/xc16/v1.50/bin/bin/../../lib\libm-elf.a(futil.epeo)
                  0x002298                  __fbopReturnNaN
 .libm.mulsf3     0x00229e         0x68 c:/program files/microchip/xc16/v1.50/bin/bin/../../lib\libm-elf.a(mulsf3.epeo)
                  0x00229e                  ___mulsf3
 .libm.udivsi3    0x002306         0x20 c:/program files/microchip/xc16/v1.50/bin/bin/../../lib\libm-elf.a(udivsi3.epeo)
                  0x002306                  ___udivsi3
 .libm.fcompare
                  0x002326         0x36 c:/program files/microchip/xc16/v1.50/bin/bin/../../lib\libm-elf.a(fcompare.epeo)
                  0x002326                  __fcompare
 .libm.floatdisf
                  0x00235c         0x20 c:/program files/microchip/xc16/v1.50/bin/bin/../../lib\libm-elf.a(floatdisf.epeo)
                  0x00235c                  ___floatdisf
 .libm.floatundisf
                  0x00237c         0x5e c:/program files/microchip/xc16/v1.50/bin/bin/../../lib\libm-elf.a(floatundisf.epeo)
                  0x00237c                  ___floatundisf
 .libc.memcmp     0x0023da         0x1c c:/program files/microchip/xc16/v1.50/bin/bin/../../lib\liblega-c-elf.a(memcmp.EP_eo)
                  0x0023da                  _memcmp
 .libc.memcpy     0x0023f6          0xe c:/program files/microchip/xc16/v1.50/bin/bin/../../lib\liblega-c-elf.a(memcpy.EP_eo)
                  0x0023f6                  _memcpy
 .libc.memset     0x002404          0xe c:/program files/microchip/xc16/v1.50/bin/bin/../../lib\liblega-c-elf.a(memset.EP_eo)
                  0x002404                  _memset
 .libc.puts       0x002412         0x16 c:/program files/microchip/xc16/v1.50/bin/bin/../../lib\liblega-c-elf.a(puts.EP_eo)
                  0x002412                  _puts
 .libc.fputc      0x002428         0x4e c:/program files/microchip/xc16/v1.50/bin/bin/../../lib\liblega-c-elf.a(fputc.EP_elo)
                  0x002428                  _fputc
 .libc.prout      0x002476         0x1c c:/program files/microchip/xc16/v1.50/bin/bin/../../lib\liblega-c-elf.a(printf_cdfFnopsuxX.EPeo)
                  0x002476                  printf_cdfFnopsuxX.EPeo:_prout
 .libc._printf_cdfFnopsuxX
                  0x002492         0x10 c:/program files/microchip/xc16/v1.50/bin/bin/../../lib\liblega-c-elf.a(printf_cdfFnopsuxX.EPeo)
                  0x002492                  __printf_cdfFnopuxX
                  0x002492                  __printf_fF
                  0x002492                  __printf_cdnopuxX
                  0x002492                  __printf_cdfFnopsuxX
                  0x002492                  __printf_cdnopsuxX
 .libc.__Printf_cdfFnopsuxX
                  0x0024a2        0x164 c:/program files/microchip/xc16/v1.50/bin/bin/../../lib\liblega-c-elf.a(xprintf_cdfFnopsuxX.EPeo)
                  0x0024a2                  ___Printf_fF
                  0x0024a2                  ___Printf_cdfFnopuxX
                  0x0024a2                  ___Printf_cdfFnopsuxX
                  0x0024a2                  ___Printf_cdnopuxX
                  0x0024a2                  ___Printf_cdnopsuxX
 .libc.__Putfld_cdfFnopsuxX
                  0x002606        0x308 c:/program files/microchip/xc16/v1.50/bin/bin/../../lib\liblega-c-elf.a(xputfld_cdfFnopsuxX.EPeo)
                  0x002606                  ___Putfld_cdnopuxX
                  0x002606                  ___Putfld_cdnopsuxX
                  0x002606                  ___Putfld_cdfFnopuxX
                  0x002606                  ___Putfld_cdfFnopsuxX
                  0x002606                  ___Putfld_fF
 .libc.__Ldtob_cdfFnopsuxX
                  0x00290e        0x25c c:/program files/microchip/xc16/v1.50/bin/bin/../../lib\liblega-c-elf.a(xldtob_cdfFnopsuxX.EPeo)
                  0x00290e                  ___Ldtob_cdfFnopsuxX
                  0x00290e                  ___Ldtob_fF
                  0x00290e                  ___Ldtob_cdfFnopuxX
 .libc.__Genld_cdfFnopsuxX
                  0x002b6a        0x214 c:/program files/microchip/xc16/v1.50/bin/bin/../../lib\liblega-c-elf.a(xgenld_cdfFnopsuxX.EPeo)
                  0x002b6a                  ___Genld_fF
                  0x002b6a                  ___Genld_cdfFnopsuxX
                  0x002b6a                  ___Genld_cdfFnopuxX
 .libc.div        0x002d7e         0x16 c:/program files/microchip/xc16/v1.50/bin/bin/../../lib\liblega-c-elf.a(div.EP_eo)
                  0x002d7e                  _div
 .libc._DNKfflush
                  0x002d94         0x76 c:/program files/microchip/xc16/v1.50/bin/bin/../../lib\liblega-c-elf.a(fflush.EP_eo)
                  0x002d94                  __DNKfflush
 .libc.fputs      0x002e0a         0x90 c:/program files/microchip/xc16/v1.50/bin/bin/../../lib\liblega-c-elf.a(fputs.EP_eo)
                  0x002e0a                  _fputs
 .libc.fwrite     0x002e9a         0xa8 c:/program files/microchip/xc16/v1.50/bin/bin/../../lib\liblega-c-elf.a(fwrite.EP_eo)
                  0x002e9a                  _fwrite
 .libc.ldiv       0x002f42         0x2a c:/program files/microchip/xc16/v1.50/bin/bin/../../lib\liblega-c-elf.a(ldiv.EP_eo)
                  0x002f42                  _ldiv
 .libc.memchr     0x002f6c         0x14 c:/program files/microchip/xc16/v1.50/bin/bin/../../lib\liblega-c-elf.a(memchr.EP_eo)
                  0x002f6c                  _memchr
 .libc.strchr     0x002f80         0x18 c:/program files/microchip/xc16/v1.50/bin/bin/../../lib\liblega-c-elf.a(strchr.EP_eo)
                  0x002f80                  _strchr
 .libc.strlen     0x002f98          0xc c:/program files/microchip/xc16/v1.50/bin/bin/../../lib\liblega-c-elf.a(strlen.EP_eo)
                  0x002f98                  _strlen
 .libc.strrchr    0x002fa4         0x14 c:/program files/microchip/xc16/v1.50/bin/bin/../../lib\liblega-c-elf.a(strrchr.EP_eo)
                  0x002fa4                  _strrchr
 .libc._Fwprep    0x002fb8         0x8e c:/program files/microchip/xc16/v1.50/bin/bin/../../lib\liblega-c-elf.a(xfwprep.EP_eo)
                  0x002fb8                  __Fwprep
 .libc._LDunscale
                  0x003046         0x54 c:/program files/microchip/xc16/v1.50/bin/bin/../../lib\liblega-c-elf.a(xldunsca.EP_eo)
                  0x003046                  __LDunscale
 .libc._Litob     0x00309a        0x27a c:/program files/microchip/xc16/v1.50/bin/bin/../../lib\liblega-c-elf.a(xlitob.EP_eo)
                  0x00309a                  __Litob
 .libc._Puttxt    0x003314        0x178 c:/program files/microchip/xc16/v1.50/bin/bin/../../lib\liblega-c-elf.a(xputtxt.EP_eo)
                  0x003314                  __Puttxt
 .libc._Vacopy    0x00348c          0x4 c:/program files/microchip/xc16/v1.50/bin/bin/../../lib\liblega-c-elf.a(xvacopy.EP_eo)
                  0x00348c                  __Vacopy
 .libc.closeallreg
                  0x003490          0x4 c:/program files/microchip/xc16/v1.50/bin/bin/../../lib\liblega-c-elf.a(fclose.EP_elo)
 .libc._Closreg
                  0x003494         0x12 c:/program files/microchip/xc16/v1.50/bin/bin/../../lib\liblega-c-elf.a(fclose.EP_elo)
                  0x003494                  __Closreg
 .libc.fclose     0x0034a6         0x90 c:/program files/microchip/xc16/v1.50/bin/bin/../../lib\liblega-c-elf.a(fclose.EP_elo)
                  0x0034a6                  _fclose
 .libc.closeall
                  0x003536         0x22 c:/program files/microchip/xc16/v1.50/bin/bin/../../lib\liblega-c-elf.a(fclose.EP_elo)
                  0x003536                  fclose.EP_elo:_closeall
 .libc._Atexit    0x003558         0x1a c:/program files/microchip/xc16/v1.50/bin/bin/../../lib\liblega-c-elf.a(xatexit.EP_elo)
                  0x003558                  __Atexit
 .libc._Dnorm     0x003572         0x98 c:/program files/microchip/xc16/v1.50/bin/bin/../../lib\liblega-c-elf.a(xdnorm.EP_elo)
                  0x003572                  __Dnorm
 .libc.free       0x00360a         0x64 c:/program files/microchip/xc16/v1.50/bin/bin/../../lib\liblega-c-elf.a(free.EP_eo)
                  0x00360a                  _free
 .libc.findmem    0x00366e         0x66 c:/program files/microchip/xc16/v1.50/bin/bin/../../lib\liblega-c-elf.a(malloc.EP_eo)
 .libc.malloc     0x0036d4         0x54 c:/program files/microchip/xc16/v1.50/bin/bin/../../lib\liblega-c-elf.a(malloc.EP_eo)
                  0x0036d4                  _malloc
 .libc._Getmem    0x003728         0x14 c:/program files/microchip/xc16/v1.50/bin/bin/../../lib\liblega-c-elf.a(xgetmem.EP_eo)
                  0x003728                  __Getmem
 .libc.doclose    0x00373c          0x4 c:/program files/microchip/xc16/v1.50/bin/bin/../../lib\liblega-pic30-elf.a(closeep.Leo)
 .libc.dowrite    0x003740          0x4 c:/program files/microchip/xc16/v1.50/bin/bin/../../lib\liblega-pic30-elf.a(writeep.Leo)
 .libc.doremove
                  0x003744          0x4 c:/program files/microchip/xc16/v1.50/bin/bin/../../lib\liblega-pic30-elf.a(removeep.Leo)
 .libm.eqdf2      0x003748          0xa c:/program files/microchip/xc16/v1.50/bin/bin/../../lib\libm-elf.a(deqltle.epeo)
                  0x003748                  ___eqdf2
                  0x003748                  ___ltdf2
                  0x003748                  ___ledf2
 .libm.gtdf2      0x003752          0xa c:/program files/microchip/xc16/v1.50/bin/bin/../../lib\libm-elf.a(dgtge.epeo)
                  0x003752                  ___gtdf2
                  0x003752                  ___gedf2
 .libm.divdf3     0x00375c         0xb4 c:/program files/microchip/xc16/v1.50/bin/bin/../../lib\libm-elf.a(divdf3.epeo)
                  0x00375c                  ___divdf3
 .libm.divsi3     0x003810         0x1e c:/program files/microchip/xc16/v1.50/bin/bin/../../lib\libm-elf.a(divsi3.epeo)
                  0x003810                  ___divsi3
 .libm.dpack      0x00382e         0x58 c:/program files/microchip/xc16/v1.50/bin/bin/../../lib\libm-elf.a(dpack.epeo)
                  0x00382e                  __dpack
 .libm.dunpack2
                  0x003886         0x32 c:/program files/microchip/xc16/v1.50/bin/bin/../../lib\libm-elf.a(dunpack2.epeo)
                  0x003886                  __dunpack2
                  0x0038a8                  __dreturnNaN
                  0x0038ae                  __dunpack2exit
 .libm.extendsfdf2
                  0x0038b8         0x3e c:/program files/microchip/xc16/v1.50/bin/bin/../../lib\libm-elf.a(extendsfdf.epeo)
                  0x0038b8                  ___extendsfdf2
 .libm.fixdfsi    0x0038f6         0x58 c:/program files/microchip/xc16/v1.50/bin/bin/../../lib\libm-elf.a(fixdfsi.epeo)
                  0x0038f6                  _(float, int, long long, double, float, short, int)
 .libm.floatsidf
                  0x00394e          0x6 c:/program files/microchip/xc16/v1.50/bin/bin/../../lib\libm-elf.a(floatsidf.epeo)
                  0x00394e                  ___floatsidf
 .libm.muldf3     0x003954         0xec c:/program files/microchip/xc16/v1.50/bin/bin/../../lib\libm-elf.a(muldf3.epeo)
                  0x003954                  ___muldf3
 .libm.subdf3     0x003a40          0x4 c:/program files/microchip/xc16/v1.50/bin/bin/../../lib\libm-elf.a(subdf3.epeo)
                  0x003a40                  ___subdf3
 .libm.umodsi3    0x003a44          0x6 c:/program files/microchip/xc16/v1.50/bin/bin/../../lib\libm-elf.a(umodsi3.epeo)
                  0x003a44                  ___umodsi3
 .libm.mulsi3     0x003a4a          0xc c:/program files/microchip/xc16/v1.50/bin/bin/../../lib\libm-elf.a(mulsi3.epeo)
                  0x003a4a                  ___mulp32peds3
                  0x003a4a                  ___mulsi3
                  0x003a4a                  ___mulp32eds3
 .libm.__PplusBdi
                  0x003a56         0x26 c:/program files/microchip/xc16/v1.50/bin/bin/../../lib\libm-elf.a(divmoddi3.epeo)
 .libm.__PminusBdi
                  0x003a7c         0x2a c:/program files/microchip/xc16/v1.50/bin/bin/../../lib\libm-elf.a(divmoddi3.epeo)
 .libm.__udivmoddi3
                  0x003aa6         0xe6 c:/program files/microchip/xc16/v1.50/bin/bin/../../lib\libm-elf.a(divmoddi3.epeo)
                  0x003aa6                  ___udivmoddi3
 .libm.__udivdi3
                  0x003b8c          0xe c:/program files/microchip/xc16/v1.50/bin/bin/../../lib\libm-elf.a(divmoddi3.epeo)
                  0x003b8c                  ___udivdi3
 .libm.__umoddi3
                  0x003b9a          0x8 c:/program files/microchip/xc16/v1.50/bin/bin/../../lib\libm-elf.a(divmoddi3.epeo)
                  0x003b9a                  ___umoddi3
 .libm.__divdi3
                  0x003ba2         0x60 c:/program files/microchip/xc16/v1.50/bin/bin/../../lib\libm-elf.a(divmoddi3.epeo)
                  0x003ba2                  ___divdi3
 .libm.__moddi3
                  0x003c02         0x5c c:/program files/microchip/xc16/v1.50/bin/bin/../../lib\libm-elf.a(divmoddi3.epeo)
                  0x003c02                  ___moddi3
 *fill*           0x003c5e          0x400
 .libm.adddf3     0x003c60         0xfc c:/program files/microchip/xc16/v1.50/bin/bin/../../lib\libm-elf.a(adddf3.epeo)
                  0x003c60                  ___adddf3
 .libm.dcompare
                  0x003d5c         0x52 c:/program files/microchip/xc16/v1.50/bin/bin/../../lib\libm-elf.a(dcompare.epeo)
                  0x003d5c                  __dcompare
 .libm.dPropagateNaN
                  0x003dae         0x1e c:/program files/microchip/xc16/v1.50/bin/bin/../../lib\libm-elf.a(dpropagateNaN.epeo)
                  0x003dae                  __dPropagateNaN
 .libm.dtype      0x003dcc         0x24 c:/program files/microchip/xc16/v1.50/bin/bin/../../lib\libm-elf.a(dtype.epeo)
                  0x003dcc                  __dtype
 .libm.dunpack    0x003df0         0x4e c:/program files/microchip/xc16/v1.50/bin/bin/../../lib\libm-elf.a(dunpack.epeo)
                  0x003df0                  __dunpack
 .libm.floatdidf
                  0x003e3e         0x20 c:/program files/microchip/xc16/v1.50/bin/bin/../../lib\libm-elf.a(floatdidf.epeo)
                  0x003e3e                  ___floatdidf
 .libm.floatundidf
                  0x003e5e         0x56 c:/program files/microchip/xc16/v1.50/bin/bin/../../lib\libm-elf.a(floatundidf.epeo)
                  0x003e5e                  ___floatundidf

usercode
 *(usercode)

__FICD
 *(__FICD.sec*)

__FPOR
 *(__FPOR.sec*)

__FWDT
 *(__FWDT.sec*)

__FOSC
 *(__FOSC.sec*)

__FOSCSEL
 *(__FOSCSEL.sec*)

__FGS             0x0157fa          0x2
 *(__FGS.sec*)
 __FGS.sec        0x0157fa          0x2 /CW/_FGSðzq
                  0x0157fa                  __FGS.sec

__FUID0
 *(__FUID0.sec*)

__FUID1
 *(__FUID1.sec*)

__FUID2
 *(__FUID2.sec*)

__FUID3
 *(__FUID3.sec*)

.comment          0x000000         0x5e
 *(.comment)
 .comment         0x000000         0x5e c:/program files/microchip/xc16/v1.50/bin/bin/../../lib\liblega-c-elf.a(xfiles.EP_eo)

.debug_info       0x000000      0x20360
 *(.debug_info)
 .debug_info      0x000000        0x329 build/Standalone_test/production/_ext/659850784/timer.o
 .debug_info      0x000329        0xff9 build/Standalone_test/production/_ext/659850784/api.o
 .debug_info      0x001322        0xa89 build/Standalone_test/production/_ext/659850784/api_can.o
 .debug_info      0x001dab        0x867 build/Standalone_test/production/_ext/659850784/api_canmotor.o
 .debug_info      0x002612       0x1371 build/Standalone_test/production/_ext/659850784/adc.o
 .debug_info      0x003983        0x7ab build/Standalone_test/production/_ext/659850784/api_actuator.o
 .debug_info      0x00412e        0xfec build/Standalone_test/production/_ext/659850784/drv_spi16.o
 .debug_info      0x00511a        0x65b build/Standalone_test/production/_ext/659850784/ee_mc_25xx.o
 .debug_info      0x005775        0xa32 build/Standalone_test/production/_ext/659850784/api_dinput.o
 .debug_info      0x0061a7        0x3ff build/Standalone_test/production/_ext/659850784/api_imu.o
 .debug_info      0x0065a6        0xad0 build/Standalone_test/production/_ext/659850784/lsm6ds3.o
 .debug_info      0x007076        0x4d5 build/Standalone_test/production/_ext/659850784/mcp2515_mb.o
 .debug_info      0x00754b        0xed9 build/Standalone_test/production/_ext/659850784/can2.o
 .debug_info      0x008424        0x282 build/Standalone_test/production/_ext/659828548/ainputs.o
 .debug_info      0x0086a6        0xf84 build/Standalone_test/production/_ext/659828548/battery_charger.o
 .debug_info      0x00962a        0x367 build/Standalone_test/production/_ext/659828548/brake.o
 .debug_info      0x009991        0x2fc build/Standalone_test/production/_ext/659828548/can2.o
 .debug_info      0x009c8d        0x5b6 build/Standalone_test/production/_ext/659828548/deck_actuator.o
 .debug_info      0x00a243        0x629 build/Standalone_test/production/_ext/659828548/dinputs.o
 .debug_info      0x00a86c        0x1c0 build/Standalone_test/production/_ext/659828548/DMC.o
 .debug_info      0x00aa2c        0x160 build/Standalone_test/production/_ext/659828548/fault.o
 .debug_info      0x00ab8c       0x10cd build/Standalone_test/production/_ext/659828548/HMI_interface.o
 .debug_info      0x00bc59        0x527 build/Standalone_test/production/_ext/659828548/imu.o
 .debug_info      0x00c180        0x510 build/Standalone_test/production/_ext/659828548/lockout.o
 .debug_info      0x00c690        0x1d0 build/Standalone_test/production/_ext/659828548/nvram.o
 .debug_info      0x00c860        0x193 build/Standalone_test/production/_ext/659828548/outputs.o
 .debug_info      0x00c9f3        0x6ac build/Standalone_test/production/_ext/659828548/Qualitiy_testing.o
 .debug_info      0x00d09f        0x524 build/Standalone_test/production/_ext/659828548/test.o
 .debug_info      0x00d5c3        0x752 build/Standalone_test/production/_ext/659828548/test_spi.o
 .debug_info      0x00dd15        0xfc9 build/Standalone_test/production/_ext/659828548/t_rex_operation.o
 .debug_info      0x00ecde        0x612 build/Standalone_test/production/_ext/659828548/micro_actuator.o
 .debug_info      0x00f2f0        0x26a build/Standalone_test/production/_ext/659828548/main_power_contactor.o
 .debug_info      0x00f55a        0x43d build/Standalone_test/production/_ext/659828548/main.o
 .debug_info      0x00f997        0x339 build/Standalone_test/production/_ext/659828548/EEPROM.o
 .debug_info      0x00fcd0        0x3c0 build/Standalone_test/production/_ext/659828548/hour_meters.o
 .debug_info      0x010090        0x377 build/Standalone_test/production/_ext/659828548/utility.o
 .debug_info      0x010407        0x49d build/Standalone_test/production/mcc_generated_files/reset.o
 .debug_info      0x0108a4       0x2777 build/Standalone_test/production/mcc_generated_files/system.o
 .debug_info      0x01301b       0x3164 build/Standalone_test/production/mcc_generated_files/can1.o
 .debug_info      0x01617f        0x438 build/Standalone_test/production/mcc_generated_files/clock.o
 .debug_info      0x0165b7        0xc2d build/Standalone_test/production/mcc_generated_files/interrupt_manager.o
 .debug_info      0x0171e4       0x278b build/Standalone_test/production/mcc_generated_files/mcc.o
 .debug_info      0x01996f       0x136a build/Standalone_test/production/mcc_generated_files/pin_manager.o
 .debug_info      0x01acd9        0x5d2 build/Standalone_test/production/mcc_generated_files/traps.o
 .debug_info      0x01b2ab       0x1804 build/Standalone_test/production/mcc_generated_files/dma.o
 .debug_info      0x01caaf        0x887 build/Standalone_test/production/mcc_generated_files/tmr3.o
 .debug_info      0x01d336        0xfad build/Standalone_test/production/mcc_generated_files/i2c1.o
 .debug_info      0x01e2e3       0x14b1 build/Standalone_test/production/mcc_generated_files/pwm.o
 .debug_info      0x01f794        0x552 build/Standalone_test/production/mcc_generated_files/ext_int.o
 .debug_info      0x01fce6        0x67a build/Standalone_test/production/mcc_generated_files/uart2.o
 *(.gnu.linkonce.wi.*)

.debug_abbrev     0x000000       0x3734
 *(.debug_abbrev)
 .debug_abbrev    0x000000        0x129 build/Standalone_test/production/_ext/659850784/timer.o
 .debug_abbrev    0x000129        0x1cd build/Standalone_test/production/_ext/659850784/api.o
 .debug_abbrev    0x0002f6        0x19f build/Standalone_test/production/_ext/659850784/api_can.o
 .debug_abbrev    0x000495        0x15e build/Standalone_test/production/_ext/659850784/api_canmotor.o
 .debug_abbrev    0x0005f3        0x1f8 build/Standalone_test/production/_ext/659850784/adc.o
 .debug_abbrev    0x0007eb        0x19a build/Standalone_test/production/_ext/659850784/api_actuator.o
 .debug_abbrev    0x000985        0x1ce build/Standalone_test/production/_ext/659850784/drv_spi16.o
 .debug_abbrev    0x000b53        0x137 build/Standalone_test/production/_ext/659850784/ee_mc_25xx.o
 .debug_abbrev    0x000c8a        0x157 build/Standalone_test/production/_ext/659850784/api_dinput.o
 .debug_abbrev    0x000de1        0x113 build/Standalone_test/production/_ext/659850784/api_imu.o
 .debug_abbrev    0x000ef4        0x132 build/Standalone_test/production/_ext/659850784/lsm6ds3.o
 .debug_abbrev    0x001026         0xf0 build/Standalone_test/production/_ext/659850784/mcp2515_mb.o
 .debug_abbrev    0x001116        0x209 build/Standalone_test/production/_ext/659850784/can2.o
 .debug_abbrev    0x00131f         0x86 build/Standalone_test/production/_ext/659828548/ainputs.o
 .debug_abbrev    0x0013a5        0x184 build/Standalone_test/production/_ext/659828548/battery_charger.o
 .debug_abbrev    0x001529         0xbf build/Standalone_test/production/_ext/659828548/brake.o
 .debug_abbrev    0x0015e8         0xb9 build/Standalone_test/production/_ext/659828548/can2.o
 .debug_abbrev    0x0016a1         0xf9 build/Standalone_test/production/_ext/659828548/deck_actuator.o
 .debug_abbrev    0x00179a        0x117 build/Standalone_test/production/_ext/659828548/dinputs.o
 .debug_abbrev    0x0018b1         0x61 build/Standalone_test/production/_ext/659828548/DMC.o
 .debug_abbrev    0x001912         0x1f build/Standalone_test/production/_ext/659828548/fault.o
 .debug_abbrev    0x001931        0x266 build/Standalone_test/production/_ext/659828548/HMI_interface.o
 .debug_abbrev    0x001b97         0xe4 build/Standalone_test/production/_ext/659828548/imu.o
 .debug_abbrev    0x001c7b         0xfa build/Standalone_test/production/_ext/659828548/lockout.o
 .debug_abbrev    0x001d75         0x62 build/Standalone_test/production/_ext/659828548/nvram.o
 .debug_abbrev    0x001dd7         0x41 build/Standalone_test/production/_ext/659828548/outputs.o
 .debug_abbrev    0x001e18         0x98 build/Standalone_test/production/_ext/659828548/Qualitiy_testing.o
 .debug_abbrev    0x001eb0          0x1 build/Standalone_test/production/_ext/659828548/Telemetry.o
 .debug_abbrev    0x001eb1         0xda build/Standalone_test/production/_ext/659828548/test.o
 .debug_abbrev    0x001f8b        0x190 build/Standalone_test/production/_ext/659828548/test_spi.o
 .debug_abbrev    0x00211b        0x1f7 build/Standalone_test/production/_ext/659828548/t_rex_operation.o
 .debug_abbrev    0x002312         0xec build/Standalone_test/production/_ext/659828548/micro_actuator.o
 .debug_abbrev    0x0023fe         0x82 build/Standalone_test/production/_ext/659828548/main_power_contactor.o
 .debug_abbrev    0x002480         0xe5 build/Standalone_test/production/_ext/659828548/main.o
 .debug_abbrev    0x002565         0x80 build/Standalone_test/production/_ext/659828548/EEPROM.o
 .debug_abbrev    0x0025e5         0xd5 build/Standalone_test/production/_ext/659828548/hour_meters.o
 .debug_abbrev    0x0026ba         0xb0 build/Standalone_test/production/_ext/659828548/utility.o
 .debug_abbrev    0x00276a         0xf6 build/Standalone_test/production/mcc_generated_files/reset.o
 .debug_abbrev    0x002860        0x13a build/Standalone_test/production/mcc_generated_files/system.o
 .debug_abbrev    0x00299a        0x285 build/Standalone_test/production/mcc_generated_files/can1.o
 .debug_abbrev    0x002c1f         0xc5 build/Standalone_test/production/mcc_generated_files/clock.o
 .debug_abbrev    0x002ce4         0xb4 build/Standalone_test/production/mcc_generated_files/interrupt_manager.o
 .debug_abbrev    0x002d98        0x115 build/Standalone_test/production/mcc_generated_files/mcc.o
 .debug_abbrev    0x002ead         0xc5 build/Standalone_test/production/mcc_generated_files/pin_manager.o
 .debug_abbrev    0x002f72        0x10d build/Standalone_test/production/mcc_generated_files/traps.o
 .debug_abbrev    0x00307f         0xda build/Standalone_test/production/mcc_generated_files/dma.o
 .debug_abbrev    0x003159        0x18d build/Standalone_test/production/mcc_generated_files/tmr3.o
 .debug_abbrev    0x0032e6        0x1e8 build/Standalone_test/production/mcc_generated_files/i2c1.o
 .debug_abbrev    0x0034ce         0xda build/Standalone_test/production/mcc_generated_files/pwm.o
 .debug_abbrev    0x0035a8         0x8a build/Standalone_test/production/mcc_generated_files/ext_int.o
 .debug_abbrev    0x003632        0x102 build/Standalone_test/production/mcc_generated_files/uart2.o

.debug_line       0x000000       0x435a
 *(.debug_line)
 .debug_line      0x000000         0xc7 build/Standalone_test/production/_ext/659850784/timer.o
 .debug_line      0x0000c7        0x22a build/Standalone_test/production/_ext/659850784/api.o
 .debug_line      0x0002f1        0x1d3 build/Standalone_test/production/_ext/659850784/api_can.o
 .debug_line      0x0004c4        0x14a build/Standalone_test/production/_ext/659850784/api_canmotor.o
 .debug_line      0x00060e        0x1b7 build/Standalone_test/production/_ext/659850784/adc.o
 .debug_line      0x0007c5        0x1eb build/Standalone_test/production/_ext/659850784/api_actuator.o
 .debug_line      0x0009b0        0x29c build/Standalone_test/production/_ext/659850784/drv_spi16.o
 .debug_line      0x000c4c        0x1a7 build/Standalone_test/production/_ext/659850784/ee_mc_25xx.o
 .debug_line      0x000df3        0x187 build/Standalone_test/production/_ext/659850784/api_dinput.o
 .debug_line      0x000f7a         0xda build/Standalone_test/production/_ext/659850784/api_imu.o
 .debug_line      0x001054         0xf8 build/Standalone_test/production/_ext/659850784/lsm6ds3.o
 .debug_line      0x00114c         0xe3 build/Standalone_test/production/_ext/659850784/mcp2515_mb.o
 .debug_line      0x00122f        0x258 build/Standalone_test/production/_ext/659850784/can2.o
 .debug_line      0x001487         0xba build/Standalone_test/production/_ext/659828548/ainputs.o
 .debug_line      0x001541        0x1e2 build/Standalone_test/production/_ext/659828548/battery_charger.o
 .debug_line      0x001723         0xd8 build/Standalone_test/production/_ext/659828548/brake.o
 .debug_line      0x0017fb         0xda build/Standalone_test/production/_ext/659828548/can2.o
 .debug_line      0x0018d5        0x130 build/Standalone_test/production/_ext/659828548/deck_actuator.o
 .debug_line      0x001a05        0x12d build/Standalone_test/production/_ext/659828548/dinputs.o
 .debug_line      0x001b32         0x8f build/Standalone_test/production/_ext/659828548/DMC.o
 .debug_line      0x001bc1         0x1a build/Standalone_test/production/_ext/659828548/fault.o
 .debug_line      0x001bdb        0x26a build/Standalone_test/production/_ext/659828548/HMI_interface.o
 .debug_line      0x001e45        0x134 build/Standalone_test/production/_ext/659828548/imu.o
 .debug_line      0x001f79         0xf7 build/Standalone_test/production/_ext/659828548/lockout.o
 .debug_line      0x002070         0x9b build/Standalone_test/production/_ext/659828548/nvram.o
 .debug_line      0x00210b         0x97 build/Standalone_test/production/_ext/659828548/outputs.o
 .debug_line      0x0021a2        0x1b5 build/Standalone_test/production/_ext/659828548/Qualitiy_testing.o
 .debug_line      0x002357         0x1a build/Standalone_test/production/_ext/659828548/Telemetry.o
 .debug_line      0x002371        0x119 build/Standalone_test/production/_ext/659828548/test.o
 .debug_line      0x00248a        0x182 build/Standalone_test/production/_ext/659828548/test_spi.o
 .debug_line      0x00260c        0x2db build/Standalone_test/production/_ext/659828548/t_rex_operation.o
 .debug_line      0x0028e7        0x12f build/Standalone_test/production/_ext/659828548/micro_actuator.o
 .debug_line      0x002a16         0xc3 build/Standalone_test/production/_ext/659828548/main_power_contactor.o
 .debug_line      0x002ad9         0xf9 build/Standalone_test/production/_ext/659828548/main.o
 .debug_line      0x002bd2         0xbd build/Standalone_test/production/_ext/659828548/EEPROM.o
 .debug_line      0x002c8f         0xe3 build/Standalone_test/production/_ext/659828548/hour_meters.o
 .debug_line      0x002d72         0xaa build/Standalone_test/production/_ext/659828548/utility.o
 .debug_line      0x002e1c        0x177 build/Standalone_test/production/mcc_generated_files/reset.o
 .debug_line      0x002f93        0x17c build/Standalone_test/production/mcc_generated_files/system.o
 .debug_line      0x00310f        0x2cc build/Standalone_test/production/mcc_generated_files/can1.o
 .debug_line      0x0033db        0x139 build/Standalone_test/production/mcc_generated_files/clock.o
 .debug_line      0x003514        0x13e build/Standalone_test/production/mcc_generated_files/interrupt_manager.o
 .debug_line      0x003652        0x134 build/Standalone_test/production/mcc_generated_files/mcc.o
 .debug_line      0x003786        0x165 build/Standalone_test/production/mcc_generated_files/pin_manager.o
 .debug_line      0x0038eb        0x163 build/Standalone_test/production/mcc_generated_files/traps.o
 .debug_line      0x003a4e        0x17a build/Standalone_test/production/mcc_generated_files/dma.o
 .debug_line      0x003bc8        0x175 build/Standalone_test/production/mcc_generated_files/tmr3.o
 .debug_line      0x003d3d        0x216 build/Standalone_test/production/mcc_generated_files/i2c1.o
 .debug_line      0x003f53        0x170 build/Standalone_test/production/mcc_generated_files/pwm.o
 .debug_line      0x0040c3        0x153 build/Standalone_test/production/mcc_generated_files/ext_int.o
 .debug_line      0x004216        0x144 build/Standalone_test/production/mcc_generated_files/uart2.o

.debug_frame      0x000000       0x31ea
 *(.debug_frame)
 .debug_frame     0x000000         0x7c build/Standalone_test/production/_ext/659850784/timer.o
 .debug_frame     0x00007c        0x4a0 build/Standalone_test/production/_ext/659850784/api.o
 .debug_frame     0x00051c        0x234 build/Standalone_test/production/_ext/659850784/api_can.o
 .debug_frame     0x000750        0x126 build/Standalone_test/production/_ext/659850784/api_canmotor.o
 .debug_frame     0x000876        0x126 build/Standalone_test/production/_ext/659850784/adc.o
 .debug_frame     0x00099c         0xfe build/Standalone_test/production/_ext/659850784/api_actuator.o
 .debug_frame     0x000a9a         0xfe build/Standalone_test/production/_ext/659850784/drv_spi16.o
 .debug_frame     0x000b98         0x96 build/Standalone_test/production/_ext/659850784/ee_mc_25xx.o
 .debug_frame     0x000c2e         0x7c build/Standalone_test/production/_ext/659850784/api_dinput.o
 .debug_frame     0x000caa         0xf2 build/Standalone_test/production/_ext/659850784/api_imu.o
 .debug_frame     0x000d9c         0x96 build/Standalone_test/production/_ext/659850784/lsm6ds3.o
 .debug_frame     0x000e32         0xca build/Standalone_test/production/_ext/659850784/mcp2515_mb.o
 .debug_frame     0x000efc        0x1f0 build/Standalone_test/production/_ext/659850784/can2.o
 .debug_frame     0x0010ec         0x9c build/Standalone_test/production/_ext/659828548/ainputs.o
 .debug_frame     0x001188        0x424 build/Standalone_test/production/_ext/659828548/battery_charger.o
 .debug_frame     0x0015ac         0x7c build/Standalone_test/production/_ext/659828548/brake.o
 .debug_frame     0x001628         0x78 build/Standalone_test/production/_ext/659828548/can2.o
 .debug_frame     0x0016a0         0xb8 build/Standalone_test/production/_ext/659828548/deck_actuator.o
 .debug_frame     0x001758        0x23c build/Standalone_test/production/_ext/659828548/dinputs.o
 .debug_frame     0x001994         0x2e build/Standalone_test/production/_ext/659828548/DMC.o
 .debug_frame     0x0019c2        0x36e build/Standalone_test/production/_ext/659828548/HMI_interface.o
 .debug_frame     0x001d30         0xa8 build/Standalone_test/production/_ext/659828548/imu.o
 .debug_frame     0x001dd8        0x118 build/Standalone_test/production/_ext/659828548/lockout.o
 .debug_frame     0x001ef0         0x36 build/Standalone_test/production/_ext/659828548/nvram.o
 .debug_frame     0x001f26         0x2e build/Standalone_test/production/_ext/659828548/outputs.o
 .debug_frame     0x001f54         0x48 build/Standalone_test/production/_ext/659828548/Qualitiy_testing.o
 .debug_frame     0x001f9c        0x13a build/Standalone_test/production/_ext/659828548/test.o
 .debug_frame     0x0020d6         0x96 build/Standalone_test/production/_ext/659828548/test_spi.o
 .debug_frame     0x00216c        0x1ce build/Standalone_test/production/_ext/659828548/t_rex_operation.o
 .debug_frame     0x00233a         0xca build/Standalone_test/production/_ext/659828548/micro_actuator.o
 .debug_frame     0x002404         0x2e build/Standalone_test/production/_ext/659828548/main_power_contactor.o
 .debug_frame     0x002432         0x7c build/Standalone_test/production/_ext/659828548/main.o
 .debug_frame     0x0024ae         0x48 build/Standalone_test/production/_ext/659828548/EEPROM.o
 .debug_frame     0x0024f6         0xb0 build/Standalone_test/production/_ext/659828548/hour_meters.o
 .debug_frame     0x0025a6         0x48 build/Standalone_test/production/_ext/659828548/utility.o
 .debug_frame     0x0025ee        0x118 build/Standalone_test/production/mcc_generated_files/reset.o
 .debug_frame     0x002706         0x62 build/Standalone_test/production/mcc_generated_files/system.o
 .debug_frame     0x002768        0x202 build/Standalone_test/production/mcc_generated_files/can1.o
 .debug_frame     0x00296a         0x2e build/Standalone_test/production/mcc_generated_files/clock.o
 .debug_frame     0x002998         0x2e build/Standalone_test/production/mcc_generated_files/interrupt_manager.o
 .debug_frame     0x0029c6         0x7c build/Standalone_test/production/mcc_generated_files/mcc.o
 .debug_frame     0x002a42         0x2e build/Standalone_test/production/mcc_generated_files/pin_manager.o
 .debug_frame     0x002a70         0xae build/Standalone_test/production/mcc_generated_files/traps.o
 .debug_frame     0x002b1e        0x146 build/Standalone_test/production/mcc_generated_files/dma.o
 .debug_frame     0x002c64        0x18a build/Standalone_test/production/mcc_generated_files/tmr3.o
 .debug_frame     0x002dee        0x170 build/Standalone_test/production/mcc_generated_files/i2c1.o
 .debug_frame     0x002f5e         0xfe build/Standalone_test/production/mcc_generated_files/pwm.o
 .debug_frame     0x00305c         0xde build/Standalone_test/production/mcc_generated_files/ext_int.o
 .debug_frame     0x00313a         0xb0 build/Standalone_test/production/mcc_generated_files/uart2.o

.debug_str        0x000000       0x14e2
 *(.debug_str)
 .debug_str       0x000000         0x13 build/Standalone_test/production/_ext/659850784/timer.o
 .debug_str       0x000013         0x6d build/Standalone_test/production/_ext/659850784/api.o
 .debug_str       0x000080         0x16 build/Standalone_test/production/_ext/659850784/api_can.o
 .debug_str       0x000096         0x2d build/Standalone_test/production/_ext/659850784/api_canmotor.o
 .debug_str       0x0000c3         0xa7 build/Standalone_test/production/_ext/659850784/adc.o
 .debug_str       0x00016a         0x56 build/Standalone_test/production/_ext/659850784/api_actuator.o
 .debug_str       0x0001c0         0x9b build/Standalone_test/production/_ext/659850784/drv_spi16.o
 .debug_str       0x00025b          0x9 build/Standalone_test/production/_ext/659850784/ee_mc_25xx.o
 .debug_str       0x000264         0xd0 build/Standalone_test/production/_ext/659850784/api_dinput.o
 .debug_str       0x000334         0x21 build/Standalone_test/production/_ext/659850784/api_imu.o
 .debug_str       0x000355         0x2d build/Standalone_test/production/_ext/659850784/lsm6ds3.o
 .debug_str       0x000382          0x9 build/Standalone_test/production/_ext/659850784/mcp2515_mb.o
 .debug_str       0x00038b         0x63 build/Standalone_test/production/_ext/659850784/can2.o
 .debug_str       0x0003ee         0x41 build/Standalone_test/production/_ext/659828548/ainputs.o
 .debug_str       0x00042f        0x145 build/Standalone_test/production/_ext/659828548/battery_charger.o
 .debug_str       0x000574         0x29 build/Standalone_test/production/_ext/659828548/brake.o
 .debug_str       0x00059d          0xc build/Standalone_test/production/_ext/659828548/can2.o
 .debug_str       0x0005a9         0x6a build/Standalone_test/production/_ext/659828548/deck_actuator.o
 .debug_str       0x000613         0x36 build/Standalone_test/production/_ext/659828548/dinputs.o
 .debug_str       0x000649         0x50 build/Standalone_test/production/_ext/659828548/HMI_interface.o
 .debug_str       0x000699         0x22 build/Standalone_test/production/_ext/659828548/imu.o
 .debug_str       0x0006bb         0x1e build/Standalone_test/production/_ext/659828548/lockout.o
 .debug_str       0x0006d9          0xc build/Standalone_test/production/_ext/659828548/Qualitiy_testing.o
 .debug_str       0x0006e5         0x40 build/Standalone_test/production/_ext/659828548/test.o
 .debug_str       0x000725         0x2a build/Standalone_test/production/_ext/659828548/test_spi.o
 .debug_str       0x00074f         0xe6 build/Standalone_test/production/_ext/659828548/t_rex_operation.o
 .debug_str       0x000835         0x4d build/Standalone_test/production/_ext/659828548/micro_actuator.o
 .debug_str       0x000882          0xc build/Standalone_test/production/_ext/659828548/main_power_contactor.o
 .debug_str       0x00088e         0x3d build/Standalone_test/production/_ext/659828548/main.o
 .debug_str       0x0008cb         0x23 build/Standalone_test/production/_ext/659828548/hour_meters.o
 .debug_str       0x0008ee         0x17 build/Standalone_test/production/mcc_generated_files/reset.o
 .debug_str       0x000905        0x290 build/Standalone_test/production/mcc_generated_files/system.o
 .debug_str       0x000b95        0x2a5 build/Standalone_test/production/mcc_generated_files/can1.o
 .debug_str       0x000e3a          0xb build/Standalone_test/production/mcc_generated_files/clock.o
 .debug_str       0x000e45         0x36 build/Standalone_test/production/mcc_generated_files/interrupt_manager.o
 .debug_str       0x000e7b        0x299 build/Standalone_test/production/mcc_generated_files/mcc.o
 .debug_str       0x001114         0x62 build/Standalone_test/production/mcc_generated_files/pin_manager.o
 .debug_str       0x001176         0x24 build/Standalone_test/production/mcc_generated_files/traps.o
 .debug_str       0x00119a        0x199 build/Standalone_test/production/mcc_generated_files/dma.o
 .debug_str       0x001333         0x32 build/Standalone_test/production/mcc_generated_files/tmr3.o
 .debug_str       0x001365         0x53 build/Standalone_test/production/mcc_generated_files/i2c1.o
 .debug_str       0x0013b8         0xf7 build/Standalone_test/production/mcc_generated_files/pwm.o
 .debug_str       0x0014af         0x1e build/Standalone_test/production/mcc_generated_files/ext_int.o
 .debug_str       0x0014cd         0x15 build/Standalone_test/production/mcc_generated_files/uart2.o

.debug_loc
 *(.debug_loc)

.debug_macinfo
 *(.debug_macinfo)

.debug_pubnames
                  0x000000       0x2956
 *(.debug_pubnames)
 .debug_pubnames
                  0x000000         0x5a build/Standalone_test/production/_ext/659850784/timer.o
 .debug_pubnames
                  0x00005a        0x372 build/Standalone_test/production/_ext/659850784/api.o
 .debug_pubnames
                  0x0003cc        0x1df build/Standalone_test/production/_ext/659850784/api_can.o
 .debug_pubnames
                  0x0005ab        0x111 build/Standalone_test/production/_ext/659850784/api_canmotor.o
 .debug_pubnames
                  0x0006bc         0xba build/Standalone_test/production/_ext/659850784/adc.o
 .debug_pubnames
                  0x000776        0x101 build/Standalone_test/production/_ext/659850784/api_actuator.o
 .debug_pubnames
                  0x000877         0xc7 build/Standalone_test/production/_ext/659850784/drv_spi16.o
 .debug_pubnames
                  0x00093e         0x7d build/Standalone_test/production/_ext/659850784/ee_mc_25xx.o
 .debug_pubnames
                  0x0009bb        0x113 build/Standalone_test/production/_ext/659850784/api_dinput.o
 .debug_pubnames
                  0x000ace         0x53 build/Standalone_test/production/_ext/659850784/api_imu.o
 .debug_pubnames
                  0x000b21         0x74 build/Standalone_test/production/_ext/659850784/lsm6ds3.o
 .debug_pubnames
                  0x000b95         0x9a build/Standalone_test/production/_ext/659850784/mcp2515_mb.o
 .debug_pubnames
                  0x000c2f         0x9f build/Standalone_test/production/_ext/659850784/can2.o
 .debug_pubnames
                  0x000cce         0x89 build/Standalone_test/production/_ext/659828548/ainputs.o
 .debug_pubnames
                  0x000d57        0x580 build/Standalone_test/production/_ext/659828548/battery_charger.o
 .debug_pubnames
                  0x0012d7         0x78 build/Standalone_test/production/_ext/659828548/brake.o
 .debug_pubnames
                  0x00134f         0x4b build/Standalone_test/production/_ext/659828548/can2.o
 .debug_pubnames
                  0x00139a         0xb7 build/Standalone_test/production/_ext/659828548/deck_actuator.o
 .debug_pubnames
                  0x001451        0x140 build/Standalone_test/production/_ext/659828548/dinputs.o
 .debug_pubnames
                  0x001591         0x28 build/Standalone_test/production/_ext/659828548/DMC.o
 .debug_pubnames
                  0x0015b9        0x310 build/Standalone_test/production/_ext/659828548/HMI_interface.o
 .debug_pubnames
                  0x0018c9         0x62 build/Standalone_test/production/_ext/659828548/imu.o
 .debug_pubnames
                  0x00192b        0x10c build/Standalone_test/production/_ext/659828548/lockout.o
 .debug_pubnames
                  0x001a37         0x27 build/Standalone_test/production/_ext/659828548/nvram.o
 .debug_pubnames
                  0x001a5e         0x29 build/Standalone_test/production/_ext/659828548/outputs.o
 .debug_pubnames
                  0x001a87         0x39 build/Standalone_test/production/_ext/659828548/Qualitiy_testing.o
 .debug_pubnames
                  0x001ac0         0xf2 build/Standalone_test/production/_ext/659828548/test.o
 .debug_pubnames
                  0x001bb2         0x56 build/Standalone_test/production/_ext/659828548/test_spi.o
 .debug_pubnames
                  0x001c08        0x22e build/Standalone_test/production/_ext/659828548/t_rex_operation.o
 .debug_pubnames
                  0x001e36         0xd9 build/Standalone_test/production/_ext/659828548/micro_actuator.o
 .debug_pubnames
                  0x001f0f         0x2b build/Standalone_test/production/_ext/659828548/main_power_contactor.o
 .debug_pubnames
                  0x001f3a         0x92 build/Standalone_test/production/_ext/659828548/main.o
 .debug_pubnames
                  0x001fcc         0x38 build/Standalone_test/production/_ext/659828548/EEPROM.o
 .debug_pubnames
                  0x002004         0xb1 build/Standalone_test/production/_ext/659828548/hour_meters.o
 .debug_pubnames
                  0x0020b5         0x35 build/Standalone_test/production/_ext/659828548/utility.o
 .debug_pubnames
                  0x0020ea         0x54 build/Standalone_test/production/mcc_generated_files/reset.o
 .debug_pubnames
                  0x00213e         0x28 build/Standalone_test/production/mcc_generated_files/system.o
 .debug_pubnames
                  0x002166        0x120 build/Standalone_test/production/mcc_generated_files/can1.o
 .debug_pubnames
                  0x002286         0x27 build/Standalone_test/production/mcc_generated_files/clock.o
 .debug_pubnames
                  0x0022ad         0x2b build/Standalone_test/production/mcc_generated_files/interrupt_manager.o
 .debug_pubnames
                  0x0022d8         0x80 build/Standalone_test/production/mcc_generated_files/mcc.o
 .debug_pubnames
                  0x002358         0x2d build/Standalone_test/production/mcc_generated_files/pin_manager.o
 .debug_pubnames
                  0x002385         0xa4 build/Standalone_test/production/mcc_generated_files/traps.o
 .debug_pubnames
                  0x002429         0xe1 build/Standalone_test/production/mcc_generated_files/dma.o
 .debug_pubnames
                  0x00250a        0x156 build/Standalone_test/production/mcc_generated_files/tmr3.o
 .debug_pubnames
                  0x002660        0x103 build/Standalone_test/production/mcc_generated_files/i2c1.o
 .debug_pubnames
                  0x002763         0xfd build/Standalone_test/production/mcc_generated_files/pwm.o
 .debug_pubnames
                  0x002860         0x79 build/Standalone_test/production/mcc_generated_files/ext_int.o
 .debug_pubnames
                  0x0028d9         0x7d build/Standalone_test/production/mcc_generated_files/uart2.o

.debug_ranges
 *(.debug_ranges)

.debug_aranges    0x000000        0x4d0
 *(.debug_aranges)
 .debug_aranges
                  0x000000         0x18 build/Standalone_test/production/_ext/659850784/timer.o
 .debug_aranges
                  0x000018         0x18 build/Standalone_test/production/_ext/659850784/api.o
 .debug_aranges
                  0x000030         0x18 build/Standalone_test/production/_ext/659850784/api_can.o
 .debug_aranges
                  0x000048         0x18 build/Standalone_test/production/_ext/659850784/api_canmotor.o
 .debug_aranges
                  0x000060         0x18 build/Standalone_test/production/_ext/659850784/adc.o
 .debug_aranges
                  0x000078         0x18 build/Standalone_test/production/_ext/659850784/api_actuator.o
 .debug_aranges
                  0x000090         0x18 build/Standalone_test/production/_ext/659850784/drv_spi16.o
 .debug_aranges
                  0x0000a8         0x18 build/Standalone_test/production/_ext/659850784/ee_mc_25xx.o
 .debug_aranges
                  0x0000c0         0x18 build/Standalone_test/production/_ext/659850784/api_dinput.o
 .debug_aranges
                  0x0000d8         0x18 build/Standalone_test/production/_ext/659850784/api_imu.o
 .debug_aranges
                  0x0000f0         0x18 build/Standalone_test/production/_ext/659850784/lsm6ds3.o
 .debug_aranges
                  0x000108         0x18 build/Standalone_test/production/_ext/659850784/mcp2515_mb.o
 .debug_aranges
                  0x000120         0x18 build/Standalone_test/production/_ext/659850784/can2.o
 .debug_aranges
                  0x000138         0x18 build/Standalone_test/production/_ext/659828548/ainputs.o
 .debug_aranges
                  0x000150         0x18 build/Standalone_test/production/_ext/659828548/battery_charger.o
 .debug_aranges
                  0x000168         0x18 build/Standalone_test/production/_ext/659828548/brake.o
 .debug_aranges
                  0x000180         0x18 build/Standalone_test/production/_ext/659828548/can2.o
 .debug_aranges
                  0x000198         0x18 build/Standalone_test/production/_ext/659828548/deck_actuator.o
 .debug_aranges
                  0x0001b0         0x18 build/Standalone_test/production/_ext/659828548/dinputs.o
 .debug_aranges
                  0x0001c8         0x18 build/Standalone_test/production/_ext/659828548/DMC.o
 .debug_aranges
                  0x0001e0         0x18 build/Standalone_test/production/_ext/659828548/HMI_interface.o
 .debug_aranges
                  0x0001f8         0x18 build/Standalone_test/production/_ext/659828548/imu.o
 .debug_aranges
                  0x000210         0x18 build/Standalone_test/production/_ext/659828548/lockout.o
 .debug_aranges
                  0x000228         0x18 build/Standalone_test/production/_ext/659828548/nvram.o
 .debug_aranges
                  0x000240         0x18 build/Standalone_test/production/_ext/659828548/outputs.o
 .debug_aranges
                  0x000258         0x18 build/Standalone_test/production/_ext/659828548/Qualitiy_testing.o
 .debug_aranges
                  0x000270         0x18 build/Standalone_test/production/_ext/659828548/test.o
 .debug_aranges
                  0x000288         0x18 build/Standalone_test/production/_ext/659828548/test_spi.o
 .debug_aranges
                  0x0002a0         0x18 build/Standalone_test/production/_ext/659828548/t_rex_operation.o
 .debug_aranges
                  0x0002b8         0x18 build/Standalone_test/production/_ext/659828548/micro_actuator.o
 .debug_aranges
                  0x0002d0         0x18 build/Standalone_test/production/_ext/659828548/main_power_contactor.o
 .debug_aranges
                  0x0002e8         0x18 build/Standalone_test/production/_ext/659828548/main.o
 .debug_aranges
                  0x000300         0x18 build/Standalone_test/production/_ext/659828548/EEPROM.o
 .debug_aranges
                  0x000318         0x18 build/Standalone_test/production/_ext/659828548/hour_meters.o
 .debug_aranges
                  0x000330         0x18 build/Standalone_test/production/_ext/659828548/utility.o
 .debug_aranges
                  0x000348         0x18 build/Standalone_test/production/mcc_generated_files/reset.o
 .debug_aranges
                  0x000360         0x18 build/Standalone_test/production/mcc_generated_files/system.o
 .debug_aranges
                  0x000378         0x18 build/Standalone_test/production/mcc_generated_files/can1.o
 .debug_aranges
                  0x000390         0x18 build/Standalone_test/production/mcc_generated_files/clock.o
 .debug_aranges
                  0x0003a8         0x18 build/Standalone_test/production/mcc_generated_files/interrupt_manager.o
 .debug_aranges
                  0x0003c0         0x18 build/Standalone_test/production/mcc_generated_files/mcc.o
 .debug_aranges
                  0x0003d8         0x18 build/Standalone_test/production/mcc_generated_files/pin_manager.o
 .debug_aranges
                  0x0003f0         0x50 build/Standalone_test/production/mcc_generated_files/traps.o
 .debug_aranges
                  0x000440         0x18 build/Standalone_test/production/mcc_generated_files/dma.o
 .debug_aranges
                  0x000458         0x18 build/Standalone_test/production/mcc_generated_files/tmr3.o
 .debug_aranges
                  0x000470         0x18 build/Standalone_test/production/mcc_generated_files/i2c1.o
 .debug_aranges
                  0x000488         0x18 build/Standalone_test/production/mcc_generated_files/pwm.o
 .debug_aranges
                  0x0004a0         0x18 build/Standalone_test/production/mcc_generated_files/ext_int.o
 .debug_aranges
                  0x0004b8         0x18 build/Standalone_test/production/mcc_generated_files/uart2.o

.application_ivt
                  0x001800         0xfc
                  0x001800          0x2 SHORT 0x1a00 ABSOLUTE (__reset)
                  0x001801          0x2 SHORT 0x4
                  0x001802          0x2 SHORT 0x0 ((ABSOLUTE (__reset) >> 0x10) & 0x7f)
                  0x001803          0x2 SHORT 0x0
                  0x001804          0x2 SHORT 0x1c10 DEFINED (__OscillatorFail)?ABSOLUTE (__OscillatorFail):ABSOLUTE (__DefaultInterrupt)
                  0x001805          0x2 SHORT 0x4
                  0x001806          0x2 SHORT 0x0 DEFINED (__OscillatorFail)?((ABSOLUTE (__OscillatorFail) >> 0x10) & 0x7f):((ABSOLUTE (__DefaultInterrupt) >> 0x10) & 0x7f)
                  0x001807          0x2 SHORT 0x0
                  0x001808          0x2 SHORT 0x1c28 DEFINED (__AddressError)?ABSOLUTE (__AddressError):ABSOLUTE (__DefaultInterrupt)
                  0x001809          0x2 SHORT 0x4
                  0x00180a          0x2 SHORT 0x0 DEFINED (__AddressError)?((ABSOLUTE (__AddressError) >> 0x10) & 0x7f):((ABSOLUTE (__DefaultInterrupt) >> 0x10) & 0x7f)
                  0x00180b          0x2 SHORT 0x0
                  0x00180c          0x2 SHORT 0x1c46 DEFINED (__HardTrapError)?ABSOLUTE (__HardTrapError):ABSOLUTE (__DefaultInterrupt)
                  0x00180d          0x2 SHORT 0x4
                  0x00180e          0x2 SHORT 0x0 DEFINED (__HardTrapError)?((ABSOLUTE (__HardTrapError) >> 0x10) & 0x7f):((ABSOLUTE (__DefaultInterrupt) >> 0x10) & 0x7f)
                  0x00180f          0x2 SHORT 0x0
                  0x001810          0x2 SHORT 0x1c1a DEFINED (__StackError)?ABSOLUTE (__StackError):ABSOLUTE (__DefaultInterrupt)
                  0x001811          0x2 SHORT 0x4
                  0x001812          0x2 SHORT 0x0 DEFINED (__StackError)?((ABSOLUTE (__StackError) >> 0x10) & 0x7f):((ABSOLUTE (__DefaultInterrupt) >> 0x10) & 0x7f)
                  0x001813          0x2 SHORT 0x0
                  0x001814          0x2 SHORT 0x1c32 DEFINED (__MathError)?ABSOLUTE (__MathError):ABSOLUTE (__DefaultInterrupt)
                  0x001815          0x2 SHORT 0x4
                  0x001816          0x2 SHORT 0x0 DEFINED (__MathError)?((ABSOLUTE (__MathError) >> 0x10) & 0x7f):((ABSOLUTE (__DefaultInterrupt) >> 0x10) & 0x7f)
                  0x001817          0x2 SHORT 0x0
                  0x001818          0x2 SHORT 0x1c3c DEFINED (__DMACError)?ABSOLUTE (__DMACError):ABSOLUTE (__DefaultInterrupt)
                  0x001819          0x2 SHORT 0x4
                  0x00181a          0x2 SHORT 0x0 DEFINED (__DMACError)?((ABSOLUTE (__DMACError) >> 0x10) & 0x7f):((ABSOLUTE (__DefaultInterrupt) >> 0x10) & 0x7f)
                  0x00181b          0x2 SHORT 0x0
                  0x00181c          0x2 SHORT 0x1c50 DEFINED (__SoftTrapError)?ABSOLUTE (__SoftTrapError):ABSOLUTE (__DefaultInterrupt)
                  0x00181d          0x2 SHORT 0x4
                  0x00181e          0x2 SHORT 0x0 DEFINED (__SoftTrapError)?((ABSOLUTE (__SoftTrapError) >> 0x10) & 0x7f):((ABSOLUTE (__DefaultInterrupt) >> 0x10) & 0x7f)
                  0x00181f          0x2 SHORT 0x0
                  0x001820          0x2 SHORT 0x1f70 DEFINED (__INT0Interrupt)?ABSOLUTE (__INT0Interrupt):ABSOLUTE (__DefaultInterrupt)
                  0x001821          0x2 SHORT 0x4
                  0x001822          0x2 SHORT 0x0 DEFINED (__INT0Interrupt)?((ABSOLUTE (__INT0Interrupt) >> 0x10) & 0x7f):((ABSOLUTE (__DefaultInterrupt) >> 0x10) & 0x7f)
                  0x001823          0x2 SHORT 0x0
                  0x001824          0x2 SHORT 0x1f70 DEFINED (__IC1Interrupt)?ABSOLUTE (__IC1Interrupt):ABSOLUTE (__DefaultInterrupt)
                  0x001825          0x2 SHORT 0x4
                  0x001826          0x2 SHORT 0x0 DEFINED (__IC1Interrupt)?((ABSOLUTE (__IC1Interrupt) >> 0x10) & 0x7f):((ABSOLUTE (__DefaultInterrupt) >> 0x10) & 0x7f)
                  0x001827          0x2 SHORT 0x0
                  0x001828          0x2 SHORT 0x1f70 DEFINED (__OC1Interrupt)?ABSOLUTE (__OC1Interrupt):ABSOLUTE (__DefaultInterrupt)
                  0x001829          0x2 SHORT 0x4
                  0x00182a          0x2 SHORT 0x0 DEFINED (__OC1Interrupt)?((ABSOLUTE (__OC1Interrupt) >> 0x10) & 0x7f):((ABSOLUTE (__DefaultInterrupt) >> 0x10) & 0x7f)
                  0x00182b          0x2 SHORT 0x0
                  0x00182c          0x2 SHORT 0x1f70 DEFINED (__T1Interrupt)?ABSOLUTE (__T1Interrupt):ABSOLUTE (__DefaultInterrupt)
                  0x00182d          0x2 SHORT 0x4
                  0x00182e          0x2 SHORT 0x0 DEFINED (__T1Interrupt)?((ABSOLUTE (__T1Interrupt) >> 0x10) & 0x7f):((ABSOLUTE (__DefaultInterrupt) >> 0x10) & 0x7f)
                  0x00182f          0x2 SHORT 0x0
                  0x001830          0x2 SHORT 0x1b16 DEFINED (__DMA0Interrupt)?ABSOLUTE (__DMA0Interrupt):ABSOLUTE (__DefaultInterrupt)
                  0x001831          0x2 SHORT 0x4
                  0x001832          0x2 SHORT 0x0 DEFINED (__DMA0Interrupt)?((ABSOLUTE (__DMA0Interrupt) >> 0x10) & 0x7f):((ABSOLUTE (__DefaultInterrupt) >> 0x10) & 0x7f)
                  0x001833          0x2 SHORT 0x0
                  0x001834          0x2 SHORT 0x1f70 DEFINED (__IC2Interrupt)?ABSOLUTE (__IC2Interrupt):ABSOLUTE (__DefaultInterrupt)
                  0x001835          0x2 SHORT 0x4
                  0x001836          0x2 SHORT 0x0 DEFINED (__IC2Interrupt)?((ABSOLUTE (__IC2Interrupt) >> 0x10) & 0x7f):((ABSOLUTE (__DefaultInterrupt) >> 0x10) & 0x7f)
                  0x001837          0x2 SHORT 0x0
                  0x001838          0x2 SHORT 0x1f70 DEFINED (__OC2Interrupt)?ABSOLUTE (__OC2Interrupt):ABSOLUTE (__DefaultInterrupt)
                  0x001839          0x2 SHORT 0x4
                  0x00183a          0x2 SHORT 0x0 DEFINED (__OC2Interrupt)?((ABSOLUTE (__OC2Interrupt) >> 0x10) & 0x7f):((ABSOLUTE (__DefaultInterrupt) >> 0x10) & 0x7f)
                  0x00183b          0x2 SHORT 0x0
                  0x00183c          0x2 SHORT 0x1f70 DEFINED (__T2Interrupt)?ABSOLUTE (__T2Interrupt):ABSOLUTE (__DefaultInterrupt)
                  0x00183d          0x2 SHORT 0x4
                  0x00183e          0x2 SHORT 0x0 DEFINED (__T2Interrupt)?((ABSOLUTE (__T2Interrupt) >> 0x10) & 0x7f):((ABSOLUTE (__DefaultInterrupt) >> 0x10) & 0x7f)
                  0x00183f          0x2 SHORT 0x0
                  0x001840          0x2 SHORT 0x1c9a DEFINED (__T3Interrupt)?ABSOLUTE (__T3Interrupt):ABSOLUTE (__DefaultInterrupt)
                  0x001841          0x2 SHORT 0x4
                  0x001842          0x2 SHORT 0x0 DEFINED (__T3Interrupt)?((ABSOLUTE (__T3Interrupt) >> 0x10) & 0x7f):((ABSOLUTE (__DefaultInterrupt) >> 0x10) & 0x7f)
                  0x001843          0x2 SHORT 0x0
                  0x001844          0x2 SHORT 0x1f70 DEFINED (__SPI1ErrInterrupt)?ABSOLUTE (__SPI1ErrInterrupt):ABSOLUTE (__DefaultInterrupt)
                  0x001845          0x2 SHORT 0x4
                  0x001846          0x2 SHORT 0x0 DEFINED (__SPI1ErrInterrupt)?((ABSOLUTE (__SPI1ErrInterrupt) >> 0x10) & 0x7f):((ABSOLUTE (__DefaultInterrupt) >> 0x10) & 0x7f)
                  0x001847          0x2 SHORT 0x0
                  0x001848          0x2 SHORT 0x1f70 DEFINED (__SPI1Interrupt)?ABSOLUTE (__SPI1Interrupt):ABSOLUTE (__DefaultInterrupt)
                  0x001849          0x2 SHORT 0x4
                  0x00184a          0x2 SHORT 0x0 DEFINED (__SPI1Interrupt)?((ABSOLUTE (__SPI1Interrupt) >> 0x10) & 0x7f):((ABSOLUTE (__DefaultInterrupt) >> 0x10) & 0x7f)
                  0x00184b          0x2 SHORT 0x0
                  0x00184c          0x2 SHORT 0x1f70 DEFINED (__U1RXInterrupt)?ABSOLUTE (__U1RXInterrupt):ABSOLUTE (__DefaultInterrupt)
                  0x00184d          0x2 SHORT 0x4
                  0x00184e          0x2 SHORT 0x0 DEFINED (__U1RXInterrupt)?((ABSOLUTE (__U1RXInterrupt) >> 0x10) & 0x7f):((ABSOLUTE (__DefaultInterrupt) >> 0x10) & 0x7f)
                  0x00184f          0x2 SHORT 0x0
                  0x001850          0x2 SHORT 0x1f70 DEFINED (__U1TXInterrupt)?ABSOLUTE (__U1TXInterrupt):ABSOLUTE (__DefaultInterrupt)
                  0x001851          0x2 SHORT 0x4
                  0x001852          0x2 SHORT 0x0 DEFINED (__U1TXInterrupt)?((ABSOLUTE (__U1TXInterrupt) >> 0x10) & 0x7f):((ABSOLUTE (__DefaultInterrupt) >> 0x10) & 0x7f)
                  0x001853          0x2 SHORT 0x0
                  0x001854          0x2 SHORT 0x1f70 DEFINED (__AD1Interrupt)?ABSOLUTE (__AD1Interrupt):ABSOLUTE (__DefaultInterrupt)
                  0x001855          0x2 SHORT 0x4
                  0x001856          0x2 SHORT 0x0 DEFINED (__AD1Interrupt)?((ABSOLUTE (__AD1Interrupt) >> 0x10) & 0x7f):((ABSOLUTE (__DefaultInterrupt) >> 0x10) & 0x7f)
                  0x001857          0x2 SHORT 0x0
                  0x001858          0x2 SHORT 0x1c5a DEFINED (__DMA1Interrupt)?ABSOLUTE (__DMA1Interrupt):ABSOLUTE (__DefaultInterrupt)
                  0x001859          0x2 SHORT 0x4
                  0x00185a          0x2 SHORT 0x0 DEFINED (__DMA1Interrupt)?((ABSOLUTE (__DMA1Interrupt) >> 0x10) & 0x7f):((ABSOLUTE (__DefaultInterrupt) >> 0x10) & 0x7f)
                  0x00185b          0x2 SHORT 0x0
                  0x00185c          0x2 SHORT 0x1f70 DEFINED (__SI2C1Interrupt)?ABSOLUTE (__SI2C1Interrupt):ABSOLUTE (__DefaultInterrupt)
                  0x00185d          0x2 SHORT 0x4
                  0x00185e          0x2 SHORT 0x0 DEFINED (__SI2C1Interrupt)?((ABSOLUTE (__SI2C1Interrupt) >> 0x10) & 0x7f):((ABSOLUTE (__DefaultInterrupt) >> 0x10) & 0x7f)
                  0x00185f          0x2 SHORT 0x0
                  0x001860          0x2 SHORT 0x1cd0 DEFINED (__MI2C1Interrupt)?ABSOLUTE (__MI2C1Interrupt):ABSOLUTE (__DefaultInterrupt)
                  0x001861          0x2 SHORT 0x4
                  0x001862          0x2 SHORT 0x0 DEFINED (__MI2C1Interrupt)?((ABSOLUTE (__MI2C1Interrupt) >> 0x10) & 0x7f):((ABSOLUTE (__DefaultInterrupt) >> 0x10) & 0x7f)
                  0x001863          0x2 SHORT 0x0
                  0x001864          0x2 SHORT 0x1f70 DEFINED (__CM1Interrupt)?ABSOLUTE (__CM1Interrupt):ABSOLUTE (__DefaultInterrupt)
                  0x001865          0x2 SHORT 0x4
                  0x001866          0x2 SHORT 0x0 DEFINED (__CM1Interrupt)?((ABSOLUTE (__CM1Interrupt) >> 0x10) & 0x7f):((ABSOLUTE (__DefaultInterrupt) >> 0x10) & 0x7f)
                  0x001867          0x2 SHORT 0x0
                  0x001868          0x2 SHORT 0x1f70 DEFINED (__CNInterrupt)?ABSOLUTE (__CNInterrupt):ABSOLUTE (__DefaultInterrupt)
                  0x001869          0x2 SHORT 0x4
                  0x00186a          0x2 SHORT 0x0 DEFINED (__CNInterrupt)?((ABSOLUTE (__CNInterrupt) >> 0x10) & 0x7f):((ABSOLUTE (__DefaultInterrupt) >> 0x10) & 0x7f)
                  0x00186b          0x2 SHORT 0x0
                  0x00186c          0x2 SHORT 0x1f30 DEFINED (__INT1Interrupt)?ABSOLUTE (__INT1Interrupt):ABSOLUTE (__DefaultInterrupt)
                  0x00186d          0x2 SHORT 0x4
                  0x00186e          0x2 SHORT 0x0 DEFINED (__INT1Interrupt)?((ABSOLUTE (__INT1Interrupt) >> 0x10) & 0x7f):((ABSOLUTE (__DefaultInterrupt) >> 0x10) & 0x7f)
                  0x00186f          0x2 SHORT 0x0
                  0x001870          0x2 SHORT 0x1c7a DEFINED (__DMA2Interrupt)?ABSOLUTE (__DMA2Interrupt):ABSOLUTE (__DefaultInterrupt)
                  0x001871          0x2 SHORT 0x4
                  0x001872          0x2 SHORT 0x0 DEFINED (__DMA2Interrupt)?((ABSOLUTE (__DMA2Interrupt) >> 0x10) & 0x7f):((ABSOLUTE (__DefaultInterrupt) >> 0x10) & 0x7f)
                  0x001873          0x2 SHORT 0x0
                  0x001874          0x2 SHORT 0x1f70 DEFINED (__OC3Interrupt)?ABSOLUTE (__OC3Interrupt):ABSOLUTE (__DefaultInterrupt)
                  0x001875          0x2 SHORT 0x4
                  0x001876          0x2 SHORT 0x0 DEFINED (__OC3Interrupt)?((ABSOLUTE (__OC3Interrupt) >> 0x10) & 0x7f):((ABSOLUTE (__DefaultInterrupt) >> 0x10) & 0x7f)
                  0x001877          0x2 SHORT 0x0
                  0x001878          0x2 SHORT 0x1f70 DEFINED (__OC4Interrupt)?ABSOLUTE (__OC4Interrupt):ABSOLUTE (__DefaultInterrupt)
                  0x001879          0x2 SHORT 0x4
                  0x00187a          0x2 SHORT 0x0 DEFINED (__OC4Interrupt)?((ABSOLUTE (__OC4Interrupt) >> 0x10) & 0x7f):((ABSOLUTE (__DefaultInterrupt) >> 0x10) & 0x7f)
                  0x00187b          0x2 SHORT 0x0
                  0x00187c          0x2 SHORT 0x1f70 DEFINED (_T4Interrupt)?ABSOLUTE (_T4Interrupt):ABSOLUTE (__DefaultInterrupt)
                  0x00187d          0x2 SHORT 0x4
                  0x00187e          0x2 SHORT 0x0 DEFINED (_T4Interrupt)?((ABSOLUTE (_T4Interrupt) >> 0x10) & 0x7f):((ABSOLUTE (__DefaultInterrupt) >> 0x10) & 0x7f)
                  0x00187f          0x2 SHORT 0x0
                  0x001880          0x2 SHORT 0x1f70 DEFINED (__T5Interrupt)?ABSOLUTE (__T5Interrupt):ABSOLUTE (__DefaultInterrupt)
                  0x001881          0x2 SHORT 0x4
                  0x001882          0x2 SHORT 0x0 DEFINED (__T5Interrupt)?((ABSOLUTE (__T5Interrupt) >> 0x10) & 0x7f):((ABSOLUTE (__DefaultInterrupt) >> 0x10) & 0x7f)
                  0x001883          0x2 SHORT 0x0
                  0x001884          0x2 SHORT 0x1f50 DEFINED (__INT2Interrupt)?ABSOLUTE (__INT2Interrupt):ABSOLUTE (__DefaultInterrupt)
                  0x001885          0x2 SHORT 0x4
                  0x001886          0x2 SHORT 0x0 DEFINED (__INT2Interrupt)?((ABSOLUTE (__INT2Interrupt) >> 0x10) & 0x7f):((ABSOLUTE (__DefaultInterrupt) >> 0x10) & 0x7f)
                  0x001887          0x2 SHORT 0x0
                  0x001888          0x2 SHORT 0x1f70 DEFINED (__U2RXInterrupt)?ABSOLUTE (__U2RXInterrupt):ABSOLUTE (__DefaultInterrupt)
                  0x001889          0x2 SHORT 0x4
                  0x00188a          0x2 SHORT 0x0 DEFINED (__U2RXInterrupt)?((ABSOLUTE (__U2RXInterrupt) >> 0x10) & 0x7f):((ABSOLUTE (__DefaultInterrupt) >> 0x10) & 0x7f)
                  0x00188b          0x2 SHORT 0x0
                  0x00188c          0x2 SHORT 0x1f70 DEFINED (__U2TXInterrupt)?ABSOLUTE (__U2TXInterrupt):ABSOLUTE (__DefaultInterrupt)
                  0x00188d          0x2 SHORT 0x4
                  0x00188e          0x2 SHORT 0x0 DEFINED (__U2TXInterrupt)?((ABSOLUTE (__U2TXInterrupt) >> 0x10) & 0x7f):((ABSOLUTE (__DefaultInterrupt) >> 0x10) & 0x7f)
                  0x00188f          0x2 SHORT 0x0
                  0x001890          0x2 SHORT 0x1f70 DEFINED (__SPI2ErrInterrupt)?ABSOLUTE (__SPI2ErrInterrupt):ABSOLUTE (__DefaultInterrupt)
                  0x001891          0x2 SHORT 0x4
                  0x001892          0x2 SHORT 0x0 DEFINED (__SPI2ErrInterrupt)?((ABSOLUTE (__SPI2ErrInterrupt) >> 0x10) & 0x7f):((ABSOLUTE (__DefaultInterrupt) >> 0x10) & 0x7f)
                  0x001893          0x2 SHORT 0x0
                  0x001894          0x2 SHORT 0x1f70 DEFINED (__SPI2Interrupt)?ABSOLUTE (__SPI2Interrupt):ABSOLUTE (__DefaultInterrupt)
                  0x001895          0x2 SHORT 0x4
                  0x001896          0x2 SHORT 0x0 DEFINED (__SPI2Interrupt)?((ABSOLUTE (__SPI2Interrupt) >> 0x10) & 0x7f):((ABSOLUTE (__DefaultInterrupt) >> 0x10) & 0x7f)
                  0x001897          0x2 SHORT 0x0
                  0x001898          0x2 SHORT 0x1f70 DEFINED (__C1RxRdyInterrupt)?ABSOLUTE (__C1RxRdyInterrupt):ABSOLUTE (__DefaultInterrupt)
                  0x001899          0x2 SHORT 0x4
                  0x00189a          0x2 SHORT 0x0 DEFINED (__C1RxRdyInterrupt)?((ABSOLUTE (__C1RxRdyInterrupt) >> 0x10) & 0x7f):((ABSOLUTE (__DefaultInterrupt) >> 0x10) & 0x7f)
                  0x00189b          0x2 SHORT 0x0
                  0x00189c          0x2 SHORT 0x1bbe DEFINED (__C1Interrupt)?ABSOLUTE (__C1Interrupt):ABSOLUTE (__DefaultInterrupt)
                  0x00189d          0x2 SHORT 0x4
                  0x00189e          0x2 SHORT 0x0 DEFINED (__C1Interrupt)?((ABSOLUTE (__C1Interrupt) >> 0x10) & 0x7f):((ABSOLUTE (__DefaultInterrupt) >> 0x10) & 0x7f)
                  0x00189f          0x2 SHORT 0x0
                  0x0018a0          0x2 SHORT 0x1f70 DEFINED (__DMA3Interrupt)?ABSOLUTE (__DMA3Interrupt):ABSOLUTE (__DefaultInterrupt)
                  0x0018a1          0x2 SHORT 0x4
                  0x0018a2          0x2 SHORT 0x0 DEFINED (__DMA3Interrupt)?((ABSOLUTE (__DMA3Interrupt) >> 0x10) & 0x7f):((ABSOLUTE (__DefaultInterrupt) >> 0x10) & 0x7f)
                  0x0018a3          0x2 SHORT 0x0
                  0x0018a4          0x2 SHORT 0x1f70 DEFINED (__IC3Interrupt)?ABSOLUTE (__IC3Interrupt):ABSOLUTE (__DefaultInterrupt)
                  0x0018a5          0x2 SHORT 0x4
                  0x0018a6          0x2 SHORT 0x0 DEFINED (__IC3Interrupt)?((ABSOLUTE (__IC3Interrupt) >> 0x10) & 0x7f):((ABSOLUTE (__DefaultInterrupt) >> 0x10) & 0x7f)
                  0x0018a7          0x2 SHORT 0x0
                  0x0018a8          0x2 SHORT 0x1f70 DEFINED (__IC4Interrupt)?ABSOLUTE (__IC4Interrupt):ABSOLUTE (__DefaultInterrupt)
                  0x0018a9          0x2 SHORT 0x4
                  0x0018aa          0x2 SHORT 0x0 DEFINED (__IC4Interrupt)?((ABSOLUTE (__IC4Interrupt) >> 0x10) & 0x7f):((ABSOLUTE (__DefaultInterrupt) >> 0x10) & 0x7f)
                  0x0018ab          0x2 SHORT 0x0
                  0x0018ac          0x2 SHORT 0x1f70 DEFINED (__SI2C2Interrupt)?ABSOLUTE (__SI2C2Interrupt):ABSOLUTE (__DefaultInterrupt)
                  0x0018ad          0x2 SHORT 0x4
                  0x0018ae          0x2 SHORT 0x0 DEFINED (__SI2C2Interrupt)?((ABSOLUTE (__SI2C2Interrupt) >> 0x10) & 0x7f):((ABSOLUTE (__DefaultInterrupt) >> 0x10) & 0x7f)
                  0x0018af          0x2 SHORT 0x0
                  0x0018b0          0x2 SHORT 0x1f70 DEFINED (__MI2C2Interrupt)?ABSOLUTE (__MI2C2Interrupt):ABSOLUTE (__DefaultInterrupt)
                  0x0018b1          0x2 SHORT 0x4
                  0x0018b2          0x2 SHORT 0x0 DEFINED (__MI2C2Interrupt)?((ABSOLUTE (__MI2C2Interrupt) >> 0x10) & 0x7f):((ABSOLUTE (__DefaultInterrupt) >> 0x10) & 0x7f)
                  0x0018b3          0x2 SHORT 0x0
                  0x0018b4          0x2 SHORT 0x1f70 DEFINED (__PWMSpEventMatchInterrupt)?ABSOLUTE (__PWMSpEventMatchInterrupt):ABSOLUTE (__DefaultInterrupt)
                  0x0018b5          0x2 SHORT 0x4
                  0x0018b6          0x2 SHORT 0x0 DEFINED (__PWMSpEventMatchInterrupt)?((ABSOLUTE (__PWMSpEventMatchInterrupt) >> 0x10) & 0x7f):((ABSOLUTE (__DefaultInterrupt) >> 0x10) & 0x7f)
                  0x0018b7          0x2 SHORT 0x0
                  0x0018b8          0x2 SHORT 0x1f70 DEFINED (__QEI1Interrupt)?ABSOLUTE (__QEI1Interrupt):ABSOLUTE (__DefaultInterrupt)
                  0x0018b9          0x2 SHORT 0x4
                  0x0018ba          0x2 SHORT 0x0 DEFINED (__QEI1Interrupt)?((ABSOLUTE (__QEI1Interrupt) >> 0x10) & 0x7f):((ABSOLUTE (__DefaultInterrupt) >> 0x10) & 0x7f)
                  0x0018bb          0x2 SHORT 0x0
                  0x0018bc          0x2 SHORT 0x1f70 DEFINED (__U1ErrInterrupt)?ABSOLUTE (__U1ErrInterrupt):ABSOLUTE (__DefaultInterrupt)
                  0x0018bd          0x2 SHORT 0x4
                  0x0018be          0x2 SHORT 0x0 DEFINED (__U1ErrInterrupt)?((ABSOLUTE (__U1ErrInterrupt) >> 0x10) & 0x7f):((ABSOLUTE (__DefaultInterrupt) >> 0x10) & 0x7f)
                  0x0018bf          0x2 SHORT 0x0
                  0x0018c0          0x2 SHORT 0x1f70 DEFINED (__U2ErrInterrupt)?ABSOLUTE (__U2ErrInterrupt):ABSOLUTE (__DefaultInterrupt)
                  0x0018c1          0x2 SHORT 0x4
                  0x0018c2          0x2 SHORT 0x0 DEFINED (__U2ErrInterrupt)?((ABSOLUTE (__U2ErrInterrupt) >> 0x10) & 0x7f):((ABSOLUTE (__DefaultInterrupt) >> 0x10) & 0x7f)
                  0x0018c3          0x2 SHORT 0x0
                  0x0018c4          0x2 SHORT 0x1f70 DEFINED (__CRCInterrupt)?ABSOLUTE (__CRCInterrupt):ABSOLUTE (__DefaultInterrupt)
                  0x0018c5          0x2 SHORT 0x4
                  0x0018c6          0x2 SHORT 0x0 DEFINED (__CRCInterrupt)?((ABSOLUTE (__CRCInterrupt) >> 0x10) & 0x7f):((ABSOLUTE (__DefaultInterrupt) >> 0x10) & 0x7f)
                  0x0018c7          0x2 SHORT 0x0
                  0x0018c8          0x2 SHORT 0x1f70 DEFINED (__C1TxReqInterrupt)?ABSOLUTE (__C1TxReqInterrupt):ABSOLUTE (__DefaultInterrupt)
                  0x0018c9          0x2 SHORT 0x4
                  0x0018ca          0x2 SHORT 0x0 DEFINED (__C1TxReqInterrupt)?((ABSOLUTE (__C1TxReqInterrupt) >> 0x10) & 0x7f):((ABSOLUTE (__DefaultInterrupt) >> 0x10) & 0x7f)
                  0x0018cb          0x2 SHORT 0x0
                  0x0018cc          0x2 SHORT 0x1f70 DEFINED (__CTMUInterrupt)?ABSOLUTE (__CTMUInterrupt):ABSOLUTE (__DefaultInterrupt)
                  0x0018cd          0x2 SHORT 0x4
                  0x0018ce          0x2 SHORT 0x0 DEFINED (__CTMUInterrupt)?((ABSOLUTE (__CTMUInterrupt) >> 0x10) & 0x7f):((ABSOLUTE (__DefaultInterrupt) >> 0x10) & 0x7f)
                  0x0018cf          0x2 SHORT 0x0
                  0x0018d0          0x2 SHORT 0x1f70 DEFINED (__PWM1Interrupt)?ABSOLUTE (__PWM1Interrupt):ABSOLUTE (__DefaultInterrupt)
                  0x0018d1          0x2 SHORT 0x4
                  0x0018d2          0x2 SHORT 0x0 DEFINED (__PWM1Interrupt)?((ABSOLUTE (__PWM1Interrupt) >> 0x10) & 0x7f):((ABSOLUTE (__DefaultInterrupt) >> 0x10) & 0x7f)
                  0x0018d3          0x2 SHORT 0x0
                  0x0018d4          0x2 SHORT 0x1f70 DEFINED (__PWM2Interrupt)?ABSOLUTE (__PWM2Interrupt):ABSOLUTE (__DefaultInterrupt)
                  0x0018d5          0x2 SHORT 0x4
                  0x0018d6          0x2 SHORT 0x0 DEFINED (__PWM2Interrupt)?((ABSOLUTE (__PWM2Interrupt) >> 0x10) & 0x7f):((ABSOLUTE (__DefaultInterrupt) >> 0x10) & 0x7f)
                  0x0018d7          0x2 SHORT 0x0
                  0x0018d8          0x2 SHORT 0x1f70 DEFINED (_PWM3Interrupt)?ABSOLUTE (_PWM3Interrupt):ABSOLUTE (__DefaultInterrupt)
                  0x0018d9          0x2 SHORT 0x4
                  0x0018da          0x2 SHORT 0x0 DEFINED (_PWM3Interrupt)?((ABSOLUTE (_PWM3Interrupt) >> 0x10) & 0x7f):((ABSOLUTE (__DefaultInterrupt) >> 0x10) & 0x7f)
                  0x0018db          0x2 SHORT 0x0
                  0x0018dc          0x2 SHORT 0x1f70 DEFINED (__ICDInterrupt)?ABSOLUTE (__ICDInterrupt):ABSOLUTE (__DefaultInterrupt)
                  0x0018dd          0x2 SHORT 0x4
                  0x0018de          0x2 SHORT 0x0 DEFINED (__ICDInterrupt)?((ABSOLUTE (__ICDInterrupt) >> 0x10) & 0x7f):((ABSOLUTE (__DefaultInterrupt) >> 0x10) & 0x7f)
                  0x0018df          0x2 SHORT 0x0
                  0x0018e0          0x2 SHORT 0x1f70 DEFINED (__JTAGInterrupt)?ABSOLUTE (__JTAGInterrupt):ABSOLUTE (__DefaultInterrupt)
                  0x0018e1          0x2 SHORT 0x4
                  0x0018e2          0x2 SHORT 0x0 DEFINED (__JTAGInterrupt)?((ABSOLUTE (__JTAGInterrupt) >> 0x10) & 0x7f):((ABSOLUTE (__DefaultInterrupt) >> 0x10) & 0x7f)
                  0x0018e3          0x2 SHORT 0x0
                  0x0018e4          0x2 SHORT 0x1f70 DEFINED (__PTGSTEPInterrupt)?ABSOLUTE (__PTGSTEPInterrupt):ABSOLUTE (__DefaultInterrupt)
                  0x0018e5          0x2 SHORT 0x4
                  0x0018e6          0x2 SHORT 0x0 DEFINED (__PTGSTEPInterrupt)?((ABSOLUTE (__PTGSTEPInterrupt) >> 0x10) & 0x7f):((ABSOLUTE (__DefaultInterrupt) >> 0x10) & 0x7f)
                  0x0018e7          0x2 SHORT 0x0
                  0x0018e8          0x2 SHORT 0x1f70 DEFINED (__PTGWDTInterrupt)?ABSOLUTE (__PTGWDTInterrupt):ABSOLUTE (__DefaultInterrupt)
                  0x0018e9          0x2 SHORT 0x4
                  0x0018ea          0x2 SHORT 0x0 DEFINED (__PTGWDTInterrupt)?((ABSOLUTE (__PTGWDTInterrupt) >> 0x10) & 0x7f):((ABSOLUTE (__DefaultInterrupt) >> 0x10) & 0x7f)
                  0x0018eb          0x2 SHORT 0x0
                  0x0018ec          0x2 SHORT 0x1f70 DEFINED (__PTG0Interrupt)?ABSOLUTE (__PTG0Interrupt):ABSOLUTE (__DefaultInterrupt)
                  0x0018ed          0x2 SHORT 0x4
                  0x0018ee          0x2 SHORT 0x0 DEFINED (__PTG0Interrupt)?((ABSOLUTE (__PTG0Interrupt) >> 0x10) & 0x7f):((ABSOLUTE (__DefaultInterrupt) >> 0x10) & 0x7f)
                  0x0018ef          0x2 SHORT 0x0
                  0x0018f0          0x2 SHORT 0x1f70 DEFINED (__PTG1Interrupt)?ABSOLUTE (__PTG1Interrupt):ABSOLUTE (__DefaultInterrupt)
                  0x0018f1          0x2 SHORT 0x4
                  0x0018f2          0x2 SHORT 0x0 DEFINED (__PTG1Interrupt)?((ABSOLUTE (__PTG1Interrupt) >> 0x10) & 0x7f):((ABSOLUTE (__DefaultInterrupt) >> 0x10) & 0x7f)
                  0x0018f3          0x2 SHORT 0x0
                  0x0018f4          0x2 SHORT 0x1f70 DEFINED (__PTG2Interrupt)?ABSOLUTE (__PTG2Interrupt):ABSOLUTE (__DefaultInterrupt)
                  0x0018f5          0x2 SHORT 0x4
                  0x0018f6          0x2 SHORT 0x0 DEFINED (__PTG2Interrupt)?((ABSOLUTE (__PTG2Interrupt) >> 0x10) & 0x7f):((ABSOLUTE (__DefaultInterrupt) >> 0x10) & 0x7f)
                  0x0018f7          0x2 SHORT 0x0
                  0x0018f8          0x2 SHORT 0x1f70 DEFINED (__PTG3Interrupt)?ABSOLUTE (__PTG3Interrupt):ABSOLUTE (__DefaultInterrupt)
                  0x0018f9          0x2 SHORT 0x4
                  0x0018fa          0x2 SHORT 0x0 DEFINED (__PTG3Interrupt)?((ABSOLUTE (__PTG3Interrupt) >> 0x10) & 0x7f):((ABSOLUTE (__DefaultInterrupt) >> 0x10) & 0x7f)
                  0x0018fb          0x2 SHORT 0x0

.ivt              0x000004        0x13c
                  0x000004          0x4 LONG 0x1804 (ABSOLUTE (__APP_IVT_BASE) + 0x4)
                  0x000006          0x4 LONG 0x1808 (ABSOLUTE (__APP_IVT_BASE) + 0x8)
                  0x000008          0x4 LONG 0x180c (ABSOLUTE (__APP_IVT_BASE) + 0xc)
                  0x00000a          0x4 LONG 0x1810 (ABSOLUTE (__APP_IVT_BASE) + 0x10)
                  0x00000c          0x4 LONG 0x1814 (ABSOLUTE (__APP_IVT_BASE) + 0x14)
                  0x00000e          0x4 LONG 0x1818 (ABSOLUTE (__APP_IVT_BASE) + 0x18)
                  0x000010          0x4 LONG 0x181c (ABSOLUTE (__APP_IVT_BASE) + 0x1c)
                  0x000012          0x4 LONG 0x1f70 ABSOLUTE (__DefaultInterrupt)
                  0x000014          0x4 LONG 0x1820 (ABSOLUTE (__APP_IVT_BASE) + 0x20)
                  0x000016          0x4 LONG 0x1824 (ABSOLUTE (__APP_IVT_BASE) + 0x24)
                  0x000018          0x4 LONG 0x1828 (ABSOLUTE (__APP_IVT_BASE) + 0x28)
                  0x00001a          0x4 LONG 0x182c (ABSOLUTE (__APP_IVT_BASE) + 0x2c)
                  0x00001c          0x4 LONG 0x1830 (ABSOLUTE (__APP_IVT_BASE) + 0x30)
                  0x00001e          0x4 LONG 0x1834 (ABSOLUTE (__APP_IVT_BASE) + 0x34)
                  0x000020          0x4 LONG 0x1838 (ABSOLUTE (__APP_IVT_BASE) + 0x38)
                  0x000022          0x4 LONG 0x183c (ABSOLUTE (__APP_IVT_BASE) + 0x3c)
                  0x000024          0x4 LONG 0x1840 (ABSOLUTE (__APP_IVT_BASE) + 0x40)
                  0x000026          0x4 LONG 0x1844 (ABSOLUTE (__APP_IVT_BASE) + 0x44)
                  0x000028          0x4 LONG 0x1848 (ABSOLUTE (__APP_IVT_BASE) + 0x48)
                  0x00002a          0x4 LONG 0x184c (ABSOLUTE (__APP_IVT_BASE) + 0x4c)
                  0x00002c          0x4 LONG 0x1850 (ABSOLUTE (__APP_IVT_BASE) + 0x50)
                  0x00002e          0x4 LONG 0x1854 (ABSOLUTE (__APP_IVT_BASE) + 0x54)
                  0x000030          0x4 LONG 0x1858 (ABSOLUTE (__APP_IVT_BASE) + 0x58)
                  0x000032          0x4 LONG 0x1f70 ABSOLUTE (__DefaultInterrupt)
                  0x000034          0x4 LONG 0x185c (ABSOLUTE (__APP_IVT_BASE) + 0x5c)
                  0x000036          0x4 LONG 0x1860 (ABSOLUTE (__APP_IVT_BASE) + 0x60)
                  0x000038          0x4 LONG 0x1864 (ABSOLUTE (__APP_IVT_BASE) + 0x64)
                  0x00003a          0x4 LONG 0x1868 (ABSOLUTE (__APP_IVT_BASE) + 0x68)
                  0x00003c          0x4 LONG 0x186c (ABSOLUTE (__APP_IVT_BASE) + 0x6c)
                  0x00003e          0x4 LONG 0x1f70 ABSOLUTE (__DefaultInterrupt)
                  0x000040          0x4 LONG 0x1f70 ABSOLUTE (__DefaultInterrupt)
                  0x000042          0x4 LONG 0x1f70 ABSOLUTE (__DefaultInterrupt)
                  0x000044          0x4 LONG 0x1870 (ABSOLUTE (__APP_IVT_BASE) + 0x70)
                  0x000046          0x4 LONG 0x1874 (ABSOLUTE (__APP_IVT_BASE) + 0x74)
                  0x000048          0x4 LONG 0x1878 (ABSOLUTE (__APP_IVT_BASE) + 0x78)
                  0x00004a          0x4 LONG 0x187c (ABSOLUTE (__APP_IVT_BASE) + 0x7c)
                  0x00004c          0x4 LONG 0x1880 (ABSOLUTE (__APP_IVT_BASE) + 0x80)
                  0x00004e          0x4 LONG 0x1884 (ABSOLUTE (__APP_IVT_BASE) + 0x84)
                  0x000050          0x4 LONG 0x1888 (ABSOLUTE (__APP_IVT_BASE) + 0x88)
                  0x000052          0x4 LONG 0x188c (ABSOLUTE (__APP_IVT_BASE) + 0x8c)
                  0x000054          0x4 LONG 0x1890 (ABSOLUTE (__APP_IVT_BASE) + 0x90)
                  0x000056          0x4 LONG 0x1894 (ABSOLUTE (__APP_IVT_BASE) + 0x94)
                  0x000058          0x4 LONG 0x1898 (ABSOLUTE (__APP_IVT_BASE) + 0x98)
                  0x00005a          0x4 LONG 0x189c (ABSOLUTE (__APP_IVT_BASE) + 0x9c)
                  0x00005c          0x4 LONG 0x18a0 (ABSOLUTE (__APP_IVT_BASE) + 0xa0)
                  0x00005e          0x4 LONG 0x18a4 (ABSOLUTE (__APP_IVT_BASE) + 0xa4)
                  0x000060          0x4 LONG 0x18a8 (ABSOLUTE (__APP_IVT_BASE) + 0xa8)
                  0x000062          0x4 LONG 0x1f70 ABSOLUTE (__DefaultInterrupt)
                  0x000064          0x4 LONG 0x1f70 ABSOLUTE (__DefaultInterrupt)
                  0x000066          0x4 LONG 0x1f70 ABSOLUTE (__DefaultInterrupt)
                  0x000068          0x4 LONG 0x1f70 ABSOLUTE (__DefaultInterrupt)
                  0x00006a          0x4 LONG 0x1f70 ABSOLUTE (__DefaultInterrupt)
                  0x00006c          0x4 LONG 0x1f70 ABSOLUTE (__DefaultInterrupt)
                  0x00006e          0x4 LONG 0x1f70 ABSOLUTE (__DefaultInterrupt)
                  0x000070          0x4 LONG 0x1f70 ABSOLUTE (__DefaultInterrupt)
                  0x000072          0x4 LONG 0x1f70 ABSOLUTE (__DefaultInterrupt)
                  0x000074          0x4 LONG 0x1f70 ABSOLUTE (__DefaultInterrupt)
                  0x000076          0x4 LONG 0x18ac (ABSOLUTE (__APP_IVT_BASE) + 0xac)
                  0x000078          0x4 LONG 0x18b0 (ABSOLUTE (__APP_IVT_BASE) + 0xb0)
                  0x00007a          0x4 LONG 0x1f70 ABSOLUTE (__DefaultInterrupt)
                  0x00007c          0x4 LONG 0x1f70 ABSOLUTE (__DefaultInterrupt)
                  0x00007e          0x4 LONG 0x1f70 ABSOLUTE (__DefaultInterrupt)
                  0x000080          0x4 LONG 0x1f70 ABSOLUTE (__DefaultInterrupt)
                  0x000082          0x4 LONG 0x1f70 ABSOLUTE (__DefaultInterrupt)
                  0x000084          0x4 LONG 0x1f70 ABSOLUTE (__DefaultInterrupt)
                  0x000086          0x4 LONG 0x18b4 (ABSOLUTE (__APP_IVT_BASE) + 0xb4)
                  0x000088          0x4 LONG 0x18b8 (ABSOLUTE (__APP_IVT_BASE) + 0xb8)
                  0x00008a          0x4 LONG 0x1f70 ABSOLUTE (__DefaultInterrupt)